<html>
<body>
<pre>
<h1>礦ision Build Log</h1>
<h2>Tool Versions:</h2>
IDE-Version: μVision V5.32.0.0
Copyright (C) 2020 ARM Ltd and ARM Germany GmbH. All rights reserved.
License Information: Yu Xin, nocomp, LIC=32B1Q-NMND4-VEGHA-14LF4-6PJ1N-5DZAZ
 
Tool Versions:
Toolchain:       MDK-ARM Plus  Version: 5.32.0.0
Toolchain Path:  C:\Keil_v5\ARM\ARMCLANG\Bin
C Compiler:      ArmClang.exe V6.14.1
Assembler:       Armasm.exe V6.14.1
Linker/Locator:  ArmLink.exe V6.14.1
Library Manager: ArmAr.exe V6.14.1
Hex Converter:   FromElf.exe V6.14.1
CPU DLL:         SARMCM3.DLL V5.32.0.0
Dialog DLL:      DCM.DLL V1.17.3.0
Target DLL:      CMSIS_AGDI.dll V1.32.12.0
Dialog DLL:      TCM.DLL V1.46.0.0
 
<h2>Project:</h2>
E:\杂物文件\UP70电控2025\RemoteControllerF407\MDK-ARM\RemoteControllerF407.uvprojx
Project File Date:  03/29/2025

<h2>Output:</h2>
*** Using Compiler 'V6.14.1', folder: 'C:\Keil_v5\ARM\ARMCLANG\Bin'
Build target 'RemoteControllerF407'
../Core/Src/freertos.c(268): warning: passing 'char [20]' to parameter of type 'uint8_t *' (aka 'unsigned char *') converts between pointers to integer types with different sign [-Wpointer-sign]
    rmt_load_JsBuffer_addr(JsSends_datas, My_joystick, R1_ZIGBEE_ADDR);
                           ^~~~~~~~~~~~~
../Libs/Inc/rmt_stick.h(87): note: passing argument to parameter 'JsSends_datas' here
void rmt_load_JsBuffer_addr(uint8_t JsSends_datas[], RmtJoystickInfo My_joystick, uint16_t addr);
                                    ^
1 warning generated.
compiling freertos.c...
../Libs/Src/rmt_stick.c(52): warning: enumeration values 'RMTS_CONNECT' and 'RMTS_STOP' not handled in switch [-Wswitch]
    switch (targ_status)
            ^
1 warning generated.
compiling rmt_stick.c...
linking...
Program Size: Code=28658 RO-data=794 RW-data=40 ZI-data=21400  
FromELF: creating hex file...
"RemoteControllerF407\RemoteControllerF407.axf" - 0 Error(s), 2 Warning(s).

<h2>Software Packages used:</h2>

Package Vendor: ARM
                http://www.keil.com/pack/ARM.CMSIS.5.7.0.pack
                ARM.CMSIS.5.7.0
                CMSIS (Cortex Microcontroller Software Interface Standard)
   * Component: CORE Version: 5.4.0

Package Vendor: Keil
                http://www.keil.com/pack/Keil.STM32F4xx_DFP.2.16.0.pack
                Keil.STM32F4xx_DFP.2.16.0
                STMicroelectronics STM32F4 Series Device Support, Drivers and Examples

<h2>Collection of Component include folders:</h2>
  .\RTE\_RemoteControllerF407
  C:\Keil_v5\ARM\PACK\ARM\CMSIS\5.7.0\CMSIS\Core\Include
  C:\Keil_v5\ARM\PACK\Keil\STM32F4xx_DFP\2.16.0\Drivers\CMSIS\Device\ST\STM32F4xx\Include

<h2>Collection of Component Files used:</h2>

   * Component: ARM::CMSIS:CORE:5.4.0
      Include file:  CMSIS\Core\Include\tz_context.h
Build Time Elapsed:  00:00:01
</pre>
</body>
</html>
