Component: ARM Compiler 6.14.1 Tool: armlink [5db06d00]

==============================================================================

Section Cross References

    startup_stm32f407xx.o(STACK) refers (Special) to heapauxi.o(.text) for __use_two_region_memory
    startup_stm32f407xx.o(HEAP) refers (Special) to heapauxi.o(.text) for __use_two_region_memory
    startup_stm32f407xx.o(RESET) refers (Special) to heapauxi.o(.text) for __use_two_region_memory
    startup_stm32f407xx.o(RESET) refers to startup_stm32f407xx.o(STACK) for __initial_sp
    startup_stm32f407xx.o(RESET) refers to startup_stm32f407xx.o(.text) for Reset_Handler
    startup_stm32f407xx.o(RESET) refers to stm32f4xx_it.o(.text.NMI_Handler) for NMI_Handler
    startup_stm32f407xx.o(RESET) refers to stm32f4xx_it.o(.text.HardFault_Handler) for HardFault_Handler
    startup_stm32f407xx.o(RESET) refers to stm32f4xx_it.o(.text.MemManage_Handler) for MemManage_Handler
    startup_stm32f407xx.o(RESET) refers to stm32f4xx_it.o(.text.BusFault_Handler) for BusFault_Handler
    startup_stm32f407xx.o(RESET) refers to stm32f4xx_it.o(.text.UsageFault_Handler) for UsageFault_Handler
    startup_stm32f407xx.o(RESET) refers to port.o(.text.SVC_Handler) for SVC_Handler
    startup_stm32f407xx.o(RESET) refers to stm32f4xx_it.o(.text.DebugMon_Handler) for DebugMon_Handler
    startup_stm32f407xx.o(RESET) refers to port.o(.text.PendSV_Handler) for PendSV_Handler
    startup_stm32f407xx.o(RESET) refers to cmsis_os2.o(.text.SysTick_Handler) for SysTick_Handler
    startup_stm32f407xx.o(RESET) refers to stm32f4xx_it.o(.text.DMA1_Stream5_IRQHandler) for DMA1_Stream5_IRQHandler
    startup_stm32f407xx.o(RESET) refers to stm32f4xx_it.o(.text.DMA1_Stream6_IRQHandler) for DMA1_Stream6_IRQHandler
    startup_stm32f407xx.o(RESET) refers to stm32f4xx_it.o(.text.USART1_IRQHandler) for USART1_IRQHandler
    startup_stm32f407xx.o(RESET) refers to stm32f4xx_it.o(.text.USART2_IRQHandler) for USART2_IRQHandler
    startup_stm32f407xx.o(RESET) refers to stm32f4xx_it.o(.text.TIM6_DAC_IRQHandler) for TIM6_DAC_IRQHandler
    startup_stm32f407xx.o(RESET) refers to stm32f4xx_it.o(.text.DMA2_Stream0_IRQHandler) for DMA2_Stream0_IRQHandler
    startup_stm32f407xx.o(RESET) refers to stm32f4xx_it.o(.text.DMA2_Stream2_IRQHandler) for DMA2_Stream2_IRQHandler
    startup_stm32f407xx.o(RESET) refers to stm32f4xx_it.o(.text.DMA2_Stream7_IRQHandler) for DMA2_Stream7_IRQHandler
    startup_stm32f407xx.o(.text) refers (Special) to heapauxi.o(.text) for __use_two_region_memory
    startup_stm32f407xx.o(.text) refers to system_stm32f4xx.o(.text.SystemInit) for SystemInit
    startup_stm32f407xx.o(.text) refers to __main.o(!!!main) for __main
    startup_stm32f407xx.o(.text) refers to startup_stm32f407xx.o(HEAP) for Heap_Mem
    startup_stm32f407xx.o(.text) refers to startup_stm32f407xx.o(STACK) for Stack_Mem
    main.o(.ARM.exidx.text.HAL_ADC_ConvCpltCallback) refers to main.o(.text.HAL_ADC_ConvCpltCallback) for [Anonymous Symbol]
    main.o(.text.HAL_UARTEx_RxEventCallback) refers to usart.o(.bss.huart2) for huart2
    main.o(.text.HAL_UARTEx_RxEventCallback) refers to main.o(.bss.uart_recv_times) for uart_recv_times
    main.o(.text.HAL_UARTEx_RxEventCallback) refers to main.o(.bss.rx_Buffer) for rx_Buffer
    main.o(.text.HAL_UARTEx_RxEventCallback) refers to main.o(.bss.my_msg) for my_msg
    main.o(.text.HAL_UARTEx_RxEventCallback) refers to dl_ln.o(.text.DL_LN_decode) for DL_LN_decode
    main.o(.text.HAL_UARTEx_RxEventCallback) refers to usart.o(.bss.huart1) for huart1
    main.o(.text.HAL_UARTEx_RxEventCallback) refers to stm32f4xx_hal_uart.o(.text.HAL_UART_Transmit_DMA) for HAL_UART_Transmit_DMA
    main.o(.text.HAL_UARTEx_RxEventCallback) refers to stm32f4xx_hal_uart.o(.text.HAL_UARTEx_ReceiveToIdle_DMA) for HAL_UARTEx_ReceiveToIdle_DMA
    main.o(.text.HAL_UARTEx_RxEventCallback) refers to main.o(.bss.esp_rx_Buffer) for esp_rx_Buffer
    main.o(.text.HAL_UARTEx_RxEventCallback) refers to main.o(.bss.espuart_recv_times) for espuart_recv_times
    main.o(.text.HAL_UARTEx_RxEventCallback) refers to main.o(.data.state_code) for state_code
    main.o(.text.HAL_UARTEx_RxEventCallback) refers to rmt_stick.o(.bss.My_js_origins) for My_js_origins
    main.o(.text.HAL_UARTEx_RxEventCallback) refers to rmt_stick.o(.text.rmt_decode_joystick_msg) for rmt_decode_joystick_msg
    main.o(.ARM.exidx.text.HAL_UARTEx_RxEventCallback) refers to main.o(.text.HAL_UARTEx_RxEventCallback) for [Anonymous Symbol]
    main.o(.text.main) refers to stm32f4xx_hal.o(.text.HAL_Init) for HAL_Init
    main.o(.text.main) refers to main.o(.text.SystemClock_Config) for SystemClock_Config
    main.o(.text.main) refers to gpio.o(.text.MX_GPIO_Init) for MX_GPIO_Init
    main.o(.text.main) refers to dma.o(.text.MX_DMA_Init) for MX_DMA_Init
    main.o(.text.main) refers to adc.o(.text.MX_ADC1_Init) for MX_ADC1_Init
    main.o(.text.main) refers to usart.o(.text.MX_USART1_UART_Init) for MX_USART1_UART_Init
[...]
    EXTI2_IRQHandler                         0x08000257   Thumb Code     0  startup_stm32f407xx.o(.text)
    EXTI3_IRQHandler                         0x08000257   Thumb Code     0  startup_stm32f407xx.o(.text)
    EXTI4_IRQHandler                         0x08000257   Thumb Code     0  startup_stm32f407xx.o(.text)
    EXTI9_5_IRQHandler                       0x08000257   Thumb Code     0  startup_stm32f407xx.o(.text)
    FLASH_IRQHandler                         0x08000257   Thumb Code     0  startup_stm32f407xx.o(.text)
    FMC_IRQHandler                           0x08000257   Thumb Code     0  startup_stm32f407xx.o(.text)
    FPU_IRQHandler                           0x08000257   Thumb Code     0  startup_stm32f407xx.o(.text)
    HASH_RNG_IRQHandler                      0x08000257   Thumb Code     0  startup_stm32f407xx.o(.text)
    I2C1_ER_IRQHandler                       0x08000257   Thumb Code     0  startup_stm32f407xx.o(.text)
    I2C1_EV_IRQHandler                       0x08000257   Thumb Code     0  startup_stm32f407xx.o(.text)
    I2C2_ER_IRQHandler                       0x08000257   Thumb Code     0  startup_stm32f407xx.o(.text)
    I2C2_EV_IRQHandler                       0x08000257   Thumb Code     0  startup_stm32f407xx.o(.text)
    I2C3_ER_IRQHandler                       0x08000257   Thumb Code     0  startup_stm32f407xx.o(.text)
    I2C3_EV_IRQHandler                       0x08000257   Thumb Code     0  startup_stm32f407xx.o(.text)
    OTG_FS_IRQHandler                        0x08000257   Thumb Code     0  startup_stm32f407xx.o(.text)
    OTG_FS_WKUP_IRQHandler                   0x08000257   Thumb Code     0  startup_stm32f407xx.o(.text)
    OTG_HS_EP1_IN_IRQHandler                 0x08000257   Thumb Code     0  startup_stm32f407xx.o(.text)
    OTG_HS_EP1_OUT_IRQHandler                0x08000257   Thumb Code     0  startup_stm32f407xx.o(.text)
    OTG_HS_IRQHandler                        0x08000257   Thumb Code     0  startup_stm32f407xx.o(.text)
    OTG_HS_WKUP_IRQHandler                   0x08000257   Thumb Code     0  startup_stm32f407xx.o(.text)
    PVD_IRQHandler                           0x08000257   Thumb Code     0  startup_stm32f407xx.o(.text)
    RCC_IRQHandler                           0x08000257   Thumb Code     0  startup_stm32f407xx.o(.text)
    RTC_Alarm_IRQHandler                     0x08000257   Thumb Code     0  startup_stm32f407xx.o(.text)
    RTC_WKUP_IRQHandler                      0x08000257   Thumb Code     0  startup_stm32f407xx.o(.text)
    SDIO_IRQHandler                          0x08000257   Thumb Code     0  startup_stm32f407xx.o(.text)
    SPI1_IRQHandler                          0x08000257   Thumb Code     0  startup_stm32f407xx.o(.text)
    SPI2_IRQHandler                          0x08000257   Thumb Code     0  startup_stm32f407xx.o(.text)
    SPI3_IRQHandler                          0x08000257   Thumb Code     0  startup_stm32f407xx.o(.text)
    TAMP_STAMP_IRQHandler                    0x08000257   Thumb Code     0  startup_stm32f407xx.o(.text)
    TIM1_BRK_TIM9_IRQHandler                 0x08000257   Thumb Code     0  startup_stm32f407xx.o(.text)
    TIM1_CC_IRQHandler                       0x08000257   Thumb Code     0  startup_stm32f407xx.o(.text)
    TIM1_TRG_COM_TIM11_IRQHandler            0x08000257   Thumb Code     0  startup_stm32f407xx.o(.text)
    TIM1_UP_TIM10_IRQHandler                 0x08000257   Thumb Code     0  startup_stm32f407xx.o(.text)
    TIM2_IRQHandler                          0x08000257   Thumb Code     0  startup_stm32f407xx.o(.text)
    TIM3_IRQHandler                          0x08000257   Thumb Code     0  startup_stm32f407xx.o(.text)
    TIM4_IRQHandler                          0x08000257   Thumb Code     0  startup_stm32f407xx.o(.text)
    TIM5_IRQHandler                          0x08000257   Thumb Code     0  startup_stm32f407xx.o(.text)
    TIM7_IRQHandler                          0x08000257   Thumb Code     0  startup_stm32f407xx.o(.text)
    TIM8_BRK_TIM12_IRQHandler                0x08000257   Thumb Code     0  startup_stm32f407xx.o(.text)
    TIM8_CC_IRQHandler                       0x08000257   Thumb Code     0  startup_stm32f407xx.o(.text)
    TIM8_TRG_COM_TIM14_IRQHandler            0x08000257   Thumb Code     0  startup_stm32f407xx.o(.text)
    TIM8_UP_TIM13_IRQHandler                 0x08000257   Thumb Code     0  startup_stm32f407xx.o(.text)
    UART4_IRQHandler                         0x08000257   Thumb Code     0  startup_stm32f407xx.o(.text)
    UART5_IRQHandler                         0x08000257   Thumb Code     0  startup_stm32f407xx.o(.text)
    USART3_IRQHandler                        0x08000257   Thumb Code     0  startup_stm32f407xx.o(.text)
    USART6_IRQHandler                        0x08000257   Thumb Code     0  startup_stm32f407xx.o(.text)
    WWDG_IRQHandler                          0x08000257   Thumb Code     0  startup_stm32f407xx.o(.text)
    __user_initial_stackheap                 0x08000259   Thumb Code     0  startup_stm32f407xx.o(.text)
    __aeabi_uldivmod                         0x0800027d   Thumb Code     0  lludivv7m.o(.text)
    _ll_udiv                                 0x0800027d   Thumb Code   240  lludivv7m.o(.text)
    _printf_pre_padding                      0x0800036d   Thumb Code    44  _printf_pad.o(.text)
    _printf_post_padding                     0x08000399   Thumb Code    34  _printf_pad.o(.text)
    _printf_int_dec                          0x080003bd   Thumb Code   104  _printf_dec.o(.text)
    _printf_int_hex                          0x08000435   Thumb Code    84  _printf_hex_int.o(.text)
    _printf_longlong_hex                     0x08000435   Thumb Code     0  _printf_hex_int.o(.text)
    __aeabi_memcpy                           0x0800048d   Thumb Code     0  rt_memcpy_v6.o(.text)
    __rt_memcpy                              0x0800048d   Thumb Code   138  rt_memcpy_v6.o(.text)
    _memcpy_lastbytes                        0x080004f3   Thumb Code     0  rt_memcpy_v6.o(.text)
    __aeabi_memcpy4                          0x08000517   Thumb Code     0  rt_memcpy_w.o(.text)
    __aeabi_memcpy8                          0x08000517   Thumb Code     0  rt_memcpy_w.o(.text)
    __rt_memcpy_w                            0x08000517   Thumb Code   100  rt_memcpy_w.o(.text)
    _memcpy_lastbytes_aligned                0x0800055f   Thumb Code     0  rt_memcpy_w.o(.text)
    __aeabi_memset4                          0x0800057b   Thumb Code    16  aeabi_memset4.o(.text)
    __aeabi_memset8                          0x0800057b   Thumb Code     0  aeabi_memset4.o(.text)
    __aeabi_memclr4                          0x0800058b   Thumb Code     0  rt_memclr_w.o(.text)
    __aeabi_memclr8                          0x0800058b   Thumb Code     0  rt_memclr_w.o(.text)
    __rt_memclr_w                            0x0800058b   Thumb Code    78  rt_memclr_w.o(.text)
    _memset_w                                0x0800058f   Thumb Code     0  rt_memclr_w.o(.text)
    __use_two_region_memory                  0x080005d9   Thumb Code     2  heapauxi.o(.text)
    __rt_heap_escrow$2region                 0x080005db   Thumb Code     2  heapauxi.o(.text)
    __rt_heap_expand$2region                 0x080005dd   Thumb Code     2  heapauxi.o(.text)
    __read_errno                             0x080005df   Thumb Code    10  _rserrno.o(.text)
    __set_errno                              0x080005e9   Thumb Code    12  _rserrno.o(.text)
    _printf_int_common                       0x080005f5   Thumb Code   178  _printf_intcommon.o(.text)
    __aeabi_errno_addr                       0x080006a9   Thumb Code     8  rt_errno_addr_intlibspace.o(.text)
    __errno$intlibspace                      0x080006a9   Thumb Code     0  rt_errno_addr_intlibspace.o(.text)
    __rt_errno_addr$intlibspace              0x080006a9   Thumb Code     0  rt_errno_addr_intlibspace.o(.text)
    __user_libspace                          0x080006b1   Thumb Code     8  libspace.o(.text)
    __user_perproc_libspace                  0x080006b1   Thumb Code     0  libspace.o(.text)
    __user_perthread_libspace                0x080006b1   Thumb Code     0  libspace.o(.text)
    __user_setup_stackheap                   0x080006b9   Thumb Code    74  sys_stackheap_outer.o(.text)
    exit                                     0x08000703   Thumb Code    18  exit.o(.text)
    _sys_exit                                0x08000715   Thumb Code     8  sys_exit.o(.text)
    __I$use$semihosting                      0x08000721   Thumb Code     0  use_no_semi.o(.text)
    __use_no_semihosting_swi                 0x08000721   Thumb Code     2  use_no_semi.o(.text)
    __semihosting_library_function           0x08000723   Thumb Code     0  indicate_semi.o(.text)
    BusFault_Handler                         0x080008c5   Thumb Code     2  stm32f4xx_it.o(.text.BusFault_Handler)
    DL_LN_decode                             0x080008c9   Thumb Code   156  dl_ln.o(.text.DL_LN_decode)
    DMA1_Stream5_IRQHandler                  0x08000965   Thumb Code    16  stm32f4xx_it.o(.text.DMA1_Stream5_IRQHandler)
    DMA1_Stream6_IRQHandler                  0x08000975   Thumb Code    16  stm32f4xx_it.o(.text.DMA1_Stream6_IRQHandler)
    DMA2_Stream0_IRQHandler                  0x08000985   Thumb Code    16  stm32f4xx_it.o(.text.DMA2_Stream0_IRQHandler)
    DMA2_Stream2_IRQHandler                  0x08000995   Thumb Code    16  stm32f4xx_it.o(.text.DMA2_Stream2_IRQHandler)
    DMA2_Stream7_IRQHandler                  0x080009a5   Thumb Code    16  stm32f4xx_it.o(.text.DMA2_Stream7_IRQHandler)
    DebugMon_Handler                         0x08000a71   Thumb Code     2  stm32f4xx_it.o(.text.DebugMon_Handler)
    Error_Handler                            0x08000a75   Thumb Code     6  main.o(.text.Error_Handler)
    HAL_ADC_ConfigChannel                    0x08000a7d   Thumb Code   262  stm32f4xx_hal_adc.o(.text.HAL_ADC_ConfigChannel)
    HAL_ADC_ConvCpltCallback                 0x08000b85   Thumb Code     2  main.o(.text.HAL_ADC_ConvCpltCallback)
    HAL_ADC_ConvHalfCpltCallback             0x08000b89   Thumb Code     2  stm32f4xx_hal_adc.o(.text.HAL_ADC_ConvHalfCpltCallback)
    HAL_ADC_ErrorCallback                    0x08000b8d   Thumb Code     2  stm32f4xx_hal_adc.o(.text.HAL_ADC_ErrorCallback)
    HAL_ADC_Init                             0x08000b91   Thumb Code    78  stm32f4xx_hal_adc.o(.text.HAL_ADC_Init)
    HAL_ADC_MspInit                          0x08000be1   Thumb Code   178  adc.o(.text.HAL_ADC_MspInit)
    HAL_ADC_Start_DMA                        0x08000c95   Thumb Code   354  stm32f4xx_hal_adc.o(.text.HAL_ADC_Start_DMA)
    HAL_DMA_Abort                            0x08000df9   Thumb Code   128  stm32f4xx_hal_dma.o(.text.HAL_DMA_Abort)
    HAL_DMA_Abort_IT                         0x08000e79   Thumb Code    36  stm32f4xx_hal_dma.o(.text.HAL_DMA_Abort_IT)
    HAL_DMA_IRQHandler                       0x08000e9d   Thumb Code   396  stm32f4xx_hal_dma.o(.text.HAL_DMA_IRQHandler)
    HAL_DMA_Init                             0x08001029   Thumb Code   206  stm32f4xx_hal_dma.o(.text.HAL_DMA_Init)
    HAL_DMA_Start_IT                         0x080010f9   Thumb Code    98  stm32f4xx_hal_dma.o(.text.HAL_DMA_Start_IT)
    HAL_GPIO_Init                            0x0800115d   Thumb Code   410  stm32f4xx_hal_gpio.o(.text.HAL_GPIO_Init)
    HAL_GPIO_ReadPin                         0x080012f9   Thumb Code    10  stm32f4xx_hal_gpio.o(.text.HAL_GPIO_ReadPin)
    HAL_GetTick                              0x08001305   Thumb Code    12  stm32f4xx_hal.o(.text.HAL_GetTick)
    HAL_IncTick                              0x08001311   Thumb Code    26  stm32f4xx_hal.o(.text.HAL_IncTick)
    HAL_Init                                 0x0800132d   Thumb Code    54  stm32f4xx_hal.o(.text.HAL_Init)
    HAL_InitTick                             0x08001365   Thumb Code   174  stm32f4xx_hal_timebase_tim.o(.text.HAL_InitTick)
    HAL_MspInit                              0x08001415   Thumb Code    70  stm32f4xx_hal_msp.o(.text.HAL_MspInit)
    HAL_NVIC_EnableIRQ                       0x0800145d   Thumb Code     8  stm32f4xx_hal_cortex.o(.text.HAL_NVIC_EnableIRQ)
    HAL_NVIC_SetPriority                     0x08001465   Thumb Code    30  stm32f4xx_hal_cortex.o(.text.HAL_NVIC_SetPriority)
    HAL_NVIC_SetPriorityGrouping             0x08001485   Thumb Code     8  stm32f4xx_hal_cortex.o(.text.HAL_NVIC_SetPriorityGrouping)
    HAL_RCC_ClockConfig                      0x0800148d   Thumb Code   352  stm32f4xx_hal_rcc.o(.text.HAL_RCC_ClockConfig)
    HAL_RCC_GetClockConfig                   0x080015ed   Thumb Code    62  stm32f4xx_hal_rcc.o(.text.HAL_RCC_GetClockConfig)
    HAL_RCC_GetHCLKFreq                      0x0800162d   Thumb Code    12  stm32f4xx_hal_rcc.o(.text.HAL_RCC_GetHCLKFreq)
    HAL_RCC_GetPCLK1Freq                     0x08001639   Thumb Code    34  stm32f4xx_hal_rcc.o(.text.HAL_RCC_GetPCLK1Freq)
    HAL_RCC_GetPCLK2Freq                     0x0800165d   Thumb Code    34  stm32f4xx_hal_rcc.o(.text.HAL_RCC_GetPCLK2Freq)
    HAL_RCC_GetSysClockFreq                  0x08001681   Thumb Code   106  stm32f4xx_hal_rcc.o(.text.HAL_RCC_GetSysClockFreq)
    HAL_RCC_OscConfig                        0x080016ed   Thumb Code   836  stm32f4xx_hal_rcc.o(.text.HAL_RCC_OscConfig)
    HAL_TIMEx_BreakCallback                  0x08001a31   Thumb Code     2  stm32f4xx_hal_tim_ex.o(.text.HAL_TIMEx_BreakCallback)
    HAL_TIMEx_CommutCallback                 0x08001a35   Thumb Code     2  stm32f4xx_hal_tim_ex.o(.text.HAL_TIMEx_CommutCallback)
    HAL_TIM_Base_Init                        0x08001a39   Thumb Code    90  stm32f4xx_hal_tim.o(.text.HAL_TIM_Base_Init)
    HAL_TIM_Base_MspInit                     0x08001a95   Thumb Code     2  stm32f4xx_hal_tim.o(.text.HAL_TIM_Base_MspInit)
    HAL_TIM_Base_Start_IT                    0x08001a99   Thumb Code   168  stm32f4xx_hal_tim.o(.text.HAL_TIM_Base_Start_IT)
    HAL_TIM_IC_CaptureCallback               0x08001b41   Thumb Code     2  stm32f4xx_hal_tim.o(.text.HAL_TIM_IC_CaptureCallback)
    HAL_TIM_IRQHandler                       0x08001b45   Thumb Code   308  stm32f4xx_hal_tim.o(.text.HAL_TIM_IRQHandler)
    HAL_TIM_OC_DelayElapsedCallback          0x08001c79   Thumb Code     2  stm32f4xx_hal_tim.o(.text.HAL_TIM_OC_DelayElapsedCallback)
    HAL_TIM_PWM_PulseFinishedCallback        0x08001c7d   Thumb Code     2  stm32f4xx_hal_tim.o(.text.HAL_TIM_PWM_PulseFinishedCallback)
    HAL_TIM_PeriodElapsedCallback            0x08001c81   Thumb Code    22  main.o(.text.HAL_TIM_PeriodElapsedCallback)
    HAL_TIM_TriggerCallback                  0x08001c99   Thumb Code     2  stm32f4xx_hal_tim.o(.text.HAL_TIM_TriggerCallback)
    HAL_UARTEx_ReceiveToIdle_DMA             0x08001c9d   Thumb Code    92  stm32f4xx_hal_uart.o(.text.HAL_UARTEx_ReceiveToIdle_DMA)
    HAL_UARTEx_RxEventCallback               0x08001cf9   Thumb Code   328  main.o(.text.HAL_UARTEx_RxEventCallback)
    HAL_UART_ErrorCallback                   0x08001e41   Thumb Code     2  stm32f4xx_hal_uart.o(.text.HAL_UART_ErrorCallback)
    HAL_UART_IRQHandler                      0x08001e45   Thumb Code   594  stm32f4xx_hal_uart.o(.text.HAL_UART_IRQHandler)
    HAL_UART_Init                            0x08002099   Thumb Code    96  stm32f4xx_hal_uart.o(.text.HAL_UART_Init)
    HAL_UART_MspInit                         0x080020f9   Thumb Code   484  usart.o(.text.HAL_UART_MspInit)
    HAL_UART_RxCpltCallback                  0x080022dd   Thumb Code     2  stm32f4xx_hal_uart.o(.text.HAL_UART_RxCpltCallback)
    HAL_UART_RxHalfCpltCallback              0x080022e1   Thumb Code     2  stm32f4xx_hal_uart.o(.text.HAL_UART_RxHalfCpltCallback)
    HAL_UART_Transmit_DMA                    0x080022e5   Thumb Code   124  stm32f4xx_hal_uart.o(.text.HAL_UART_Transmit_DMA)
    HAL_UART_TxCpltCallback                  0x08002361   Thumb Code     2  stm32f4xx_hal_uart.o(.text.HAL_UART_TxCpltCallback)
    HAL_UART_TxHalfCpltCallback              0x08002365   Thumb Code     2  stm32f4xx_hal_uart.o(.text.HAL_UART_TxHalfCpltCallback)
    HardFault_Handler                        0x08002369   Thumb Code     2  stm32f4xx_it.o(.text.HardFault_Handler)
    MX_ADC1_Init                             0x0800236d   Thumb Code   200  adc.o(.text.MX_ADC1_Init)
    MX_DMA_Init                              0x08002435   Thumb Code   138  dma.o(.text.MX_DMA_Init)
    MX_FREERTOS_Init                         0x080024c1   Thumb Code   100  freertos.o(.text.MX_FREERTOS_Init)
    MX_GPIO_Init                             0x08002525   Thumb Code   156  gpio.o(.text.MX_GPIO_Init)
    MX_USART1_UART_Init                      0x080025c1   Thumb Code    56  usart.o(.text.MX_USART1_UART_Init)
    MX_USART2_UART_Init                      0x080025f9   Thumb Code    56  usart.o(.text.MX_USART2_UART_Init)
    MemManage_Handler                        0x08002631   Thumb Code     2  stm32f4xx_it.o(.text.MemManage_Handler)
    NMI_Handler                              0x08002635   Thumb Code     2  stm32f4xx_it.o(.text.NMI_Handler)
    PendSV_Handler                           0x08002671   Thumb Code   100  port.o(.text.PendSV_Handler)
    SVC_Handler                              0x080026e1   Thumb Code    36  port.o(.text.SVC_Handler)
    StartDefaultTask                         0x0800270d   Thumb Code    10  freertos.o(.text.StartDefaultTask)
    SysTick_Handler                          0x08002719   Thumb Code    26  cmsis_os2.o(.text.SysTick_Handler)
    SystemClock_Config                       0x08002735   Thumb Code   160  main.o(.text.SystemClock_Config)
    SystemInit                               0x080027d5   Thumb Code    18  system_stm32f4xx.o(.text.SystemInit)
    TIM6_DAC_IRQHandler                      0x080027e9   Thumb Code    16  stm32f4xx_it.o(.text.TIM6_DAC_IRQHandler)
    TIM_Base_SetConfig                       0x080027f9   Thumb Code   308  stm32f4xx_hal_tim.o(.text.TIM_Base_SetConfig)
    UART_Start_Receive_DMA                   0x08002ca1   Thumb Code   150  stm32f4xx_hal_uart.o(.text.UART_Start_Receive_DMA)
    USART1_IRQHandler                        0x08002d8d   Thumb Code    16  stm32f4xx_it.o(.text.USART1_IRQHandler)
    USART2_IRQHandler                        0x08002d9d   Thumb Code    16  stm32f4xx_it.o(.text.USART2_IRQHandler)
    UsageFault_Handler                       0x08002dad   Thumb Code     2  stm32f4xx_it.o(.text.UsageFault_Handler)
    adc_read_Task                            0x08002e35   Thumb Code   856  freertos.o(.text.adc_read_Task)
    arrayToByte                              0x0800318d   Thumb Code    38  freertos.o(.text.arrayToByte)
    main                                     0x080031b5   Thumb Code   122  main.o(.text.main)
    osDelay                                  0x08003231   Thumb Code    32  cmsis_os2.o(.text.osDelay)
    osKernelInitialize                       0x08003251   Thumb Code    40  cmsis_os2.o(.text.osKernelInitialize)
    osKernelStart                            0x08003279   Thumb Code    52  cmsis_os2.o(.text.osKernelStart)
    osThreadNew                              0x080032ad   Thumb Code   180  cmsis_os2.o(.text.osThreadNew)
    pvPortMalloc                             0x08003cd9   Thumb Code   312  heap_4.o(.text.pvPortMalloc)
    pxPortInitialiseStack                    0x08003e11   Thumb Code    40  port.o(.text.pxPortInitialiseStack)
    rmt_Joystick_GetPercent                  0x08003e39   Thumb Code   300  rmt_stick.o(.text.rmt_Joystick_GetPercent)
    rmt_Joystick_Reflect                     0x08003f65   Thumb Code   112  rmt_stick.o(.text.rmt_Joystick_Reflect)
    rmt_Reverse                              0x08003fd5   Thumb Code    78  rmt_stick.o(.text.rmt_Reverse)
    rmt_check_rmts_status                    0x08004025   Thumb Code   112  rmt_stick.o(.text.rmt_check_rmts_status)
    rmt_decode_joystick_msg                  0x08004095   Thumb Code   154  rmt_stick.o(.text.rmt_decode_joystick_msg)
    rmt_load_JsBuffer_addr                   0x08004131   Thumb Code   380  rmt_stick.o(.text.rmt_load_JsBuffer_addr)
    rmt_pow_float                            0x080042ad   Thumb Code   152  rmt_stick.o(.text.rmt_pow_float)
    send_JS_dma                              0x08004345   Thumb Code    26  freertos.o(.text.send_JS_dma)
    uart_1_send_Task                         0x08004361   Thumb Code    72  freertos.o(.text.uart_1_send_Task)
    uxListRemove                             0x080043a9   Thumb Code    40  list.o(.text.uxListRemove)
    vApplicationGetIdleTaskMemory            0x080043d1   Thumb Code    26  cmsis_os2.o(.text.vApplicationGetIdleTaskMemory)
    vApplicationGetTimerTaskMemory           0x080043ed   Thumb Code    28  cmsis_os2.o(.text.vApplicationGetTimerTaskMemory)
    vListInitialise                          0x08004409   Thumb Code    22  list.o(.text.vListInitialise)
    vListInitialiseItem                      0x08004421   Thumb Code     6  list.o(.text.vListInitialiseItem)
    vListInsert                              0x08004429   Thumb Code    58  list.o(.text.vListInsert)
    vListInsertEnd                           0x08004465   Thumb Code    28  list.o(.text.vListInsertEnd)
    vPortEnterCritical                       0x08004495   Thumb Code    70  port.o(.text.vPortEnterCritical)
    vPortExitCritical                        0x080044dd   Thumb Code    46  port.o(.text.vPortExitCritical)
    vPortFree                                0x0800450d   Thumb Code   138  heap_4.o(.text.vPortFree)
    vPortSetupTimerInterrupt                 0x08004599   Thumb Code    52  port.o(.text.vPortSetupTimerInterrupt)
    vPortValidateInterruptPriority           0x080045cd   Thumb Code    98  port.o(.text.vPortValidateInterruptPriority)
    vQueueAddToRegistry                      0x08004631   Thumb Code    40  queue.o(.text.vQueueAddToRegistry)
    vQueueWaitForMessageRestricted           0x08004659   Thumb Code    68  queue.o(.text.vQueueWaitForMessageRestricted)
    vTaskDelay                               0x0800469d   Thumb Code    84  tasks.o(.text.vTaskDelay)
    vTaskInternalSetTimeOutState             0x080046f1   Thumb Code    26  tasks.o(.text.vTaskInternalSetTimeOutState)
    vTaskMissedYield                         0x0800470d   Thumb Code    14  tasks.o(.text.vTaskMissedYield)
    vTaskPlaceOnEventList                    0x0800471d   Thumb Code    50  tasks.o(.text.vTaskPlaceOnEventList)
    vTaskPlaceOnEventListRestricted          0x08004751   Thumb Code    62  tasks.o(.text.vTaskPlaceOnEventListRestricted)
    vTaskStartScheduler                      0x08004791   Thumb Code   168  tasks.o(.text.vTaskStartScheduler)
    vTaskSuspendAll                          0x08004839   Thumb Code    16  tasks.o(.text.vTaskSuspendAll)
    vTaskSwitchContext                       0x08004849   Thumb Code   154  tasks.o(.text.vTaskSwitchContext)
    xPortStartScheduler                      0x080048e5   Thumb Code   278  port.o(.text.xPortStartScheduler)
    xPortSysTickHandler                      0x080049fd   Thumb Code    46  port.o(.text.xPortSysTickHandler)
    xQueueGenericCreateStatic                0x08004a2d   Thumb Code   150  queue.o(.text.xQueueGenericCreateStatic)
    xQueueGenericReset                       0x08004ac5   Thumb Code   126  queue.o(.text.xQueueGenericReset)
    xQueueGenericSend                        0x08004b45   Thumb Code   418  queue.o(.text.xQueueGenericSend)
    xQueueGenericSendFromISR                 0x08004ce9   Thumb Code   206  queue.o(.text.xQueueGenericSendFromISR)
    xQueueReceive                            0x08004db9   Thumb Code   384  queue.o(.text.xQueueReceive)
    xTaskCheckForTimeOut                     0x08004f39   Thumb Code   136  tasks.o(.text.xTaskCheckForTimeOut)
    xTaskCreate                              0x08004fc1   Thumb Code   102  tasks.o(.text.xTaskCreate)
    xTaskCreateStatic                        0x08005029   Thumb Code   118  tasks.o(.text.xTaskCreateStatic)
    xTaskGetSchedulerState                   0x080050a1   Thumb Code    38  tasks.o(.text.xTaskGetSchedulerState)
    xTaskGetTickCount                        0x080050c9   Thumb Code    12  tasks.o(.text.xTaskGetTickCount)
    xTaskIncrementTick                       0x080050d5   Thumb Code   338  tasks.o(.text.xTaskIncrementTick)
    xTaskPriorityDisinherit                  0x08005229   Thumb Code   146  tasks.o(.text.xTaskPriorityDisinherit)
    xTaskRemoveFromEventList                 0x080052bd   Thumb Code   142  tasks.o(.text.xTaskRemoveFromEventList)
    xTaskResumeAll                           0x0800534d   Thumb Code   276  tasks.o(.text.xTaskResumeAll)
    xTimerCreateTimerTask                    0x08005461   Thumb Code   128  timers.o(.text.xTimerCreateTimerTask)
    xTimerGenericCommand                     0x080054e1   Thumb Code   104  timers.o(.text.xTimerGenericCommand)
    __ARM_fpclassify                         0x08005549   Thumb Code    48  fpclassify.o(i.__ARM_fpclassify)
    __hardfp_pow                             0x08005579   Thumb Code  3072  pow.o(i.__hardfp_pow)
    __kernel_poly                            0x080061c9   Thumb Code   248  poly.o(i.__kernel_poly)
    __mathlib_dbl_divzero                    0x080062c1   Thumb Code    28  dunder.o(i.__mathlib_dbl_divzero)
    __mathlib_dbl_infnan2                    0x080062f1   Thumb Code    20  dunder.o(i.__mathlib_dbl_infnan2)
    __mathlib_dbl_invalid                    0x08006309   Thumb Code    24  dunder.o(i.__mathlib_dbl_invalid)
    __mathlib_dbl_overflow                   0x08006329   Thumb Code    24  dunder.o(i.__mathlib_dbl_overflow)
    __mathlib_dbl_underflow                  0x08006349   Thumb Code    24  dunder.o(i.__mathlib_dbl_underflow)
    fabs                                     0x08006369   Thumb Code    24  fabs.o(i.fabs)
    sqrt                                     0x08006381   Thumb Code   110  sqrt.o(i.sqrt)
    __aeabi_dneg                             0x080063ef   Thumb Code     0  basic.o(x$fpl$basic)
    _dneg                                    0x080063ef   Thumb Code     6  basic.o(x$fpl$basic)
    __aeabi_fneg                             0x080063f5   Thumb Code     0  basic.o(x$fpl$basic)
    _fneg                                    0x080063f5   Thumb Code     6  basic.o(x$fpl$basic)
    _dabs                                    0x080063fb   Thumb Code     6  basic.o(x$fpl$basic)
    _fabs                                    0x08006401   Thumb Code     6  basic.o(x$fpl$basic)
    __aeabi_d2f                              0x08006409   Thumb Code     0  d2f.o(x$fpl$d2f)
    _d2f                                     0x08006409   Thumb Code    98  d2f.o(x$fpl$d2f)
    __aeabi_dadd                             0x0800646d   Thumb Code     0  daddsub_clz.o(x$fpl$dadd)
    _dadd                                    0x0800646d   Thumb Code   332  daddsub_clz.o(x$fpl$dadd)
    __fpl_dcheck_NaN1                        0x080065bd   Thumb Code    10  dcheck1.o(x$fpl$dcheck1)
    __fpl_dcmp_Inf                           0x080065cd   Thumb Code    24  dcmpi.o(x$fpl$dcmpinf)
    __aeabi_ddiv                             0x080065e5   Thumb Code     0  ddiv.o(x$fpl$ddiv)
    _ddiv                                    0x080065e5   Thumb Code   552  ddiv.o(x$fpl$ddiv)
    __aeabi_d2iz                             0x08006895   Thumb Code     0  dfix.o(x$fpl$dfix)
    _dfix                                    0x08006895   Thumb Code    94  dfix.o(x$fpl$dfix)
    __aeabi_i2d                              0x080068f3   Thumb Code     0  dflt_clz.o(x$fpl$dflt)
    _dflt                                    0x080068f3   Thumb Code    46  dflt_clz.o(x$fpl$dflt)
    __aeabi_cdcmple                          0x08006921   Thumb Code     0  dleqf.o(x$fpl$dleqf)
    _dcmple                                  0x08006921   Thumb Code   120  dleqf.o(x$fpl$dleqf)
    __fpl_dcmple_InfNaN                      0x08006983   Thumb Code     0  dleqf.o(x$fpl$dleqf)
    __aeabi_dmul                             0x08006999   Thumb Code     0  dmul.o(x$fpl$dmul)
    _dmul                                    0x08006999   Thumb Code   332  dmul.o(x$fpl$dmul)
    __fpl_dnaninf                            0x08006aed   Thumb Code   156  dnaninf.o(x$fpl$dnaninf)
    __fpl_dretinf                            0x08006b89   Thumb Code    12  dretinf.o(x$fpl$dretinf)
    __aeabi_cdrcmple                         0x08006b95   Thumb Code     0  drleqf.o(x$fpl$drleqf)
    _drcmple                                 0x08006b95   Thumb Code   108  drleqf.o(x$fpl$drleqf)
    __aeabi_drsub                            0x08006c01   Thumb Code     0  daddsub_clz.o(x$fpl$drsb)
    _drsb                                    0x08006c01   Thumb Code    22  daddsub_clz.o(x$fpl$drsb)
    _dsqrt                                   0x08006c19   Thumb Code   404  dsqrt_umaal.o(x$fpl$dsqrt)
    __aeabi_dsub                             0x08006db1   Thumb Code     0  daddsub_clz.o(x$fpl$dsub)
    _dsub                                    0x08006db1   Thumb Code   464  daddsub_clz.o(x$fpl$dsub)
    __aeabi_f2d                              0x08006f85   Thumb Code     0  f2d.o(x$fpl$f2d)
    _f2d                                     0x08006f85   Thumb Code    86  f2d.o(x$fpl$f2d)
    __fpl_fnaninf                            0x08006fdb   Thumb Code   140  fnaninf.o(x$fpl$fnaninf)
    _fp_init                                 0x08007067   Thumb Code    26  fpinit.o(x$fpl$fpinit)
    __fplib_config_fpu_vfp                   0x0800707f   Thumb Code     0  fpinit.o(x$fpl$fpinit)
    __fplib_config_pureend_doubles           0x0800707f   Thumb Code     0  fpinit.o(x$fpl$fpinit)
    __fpl_fretinf                            0x08007081   Thumb Code    10  fretinf.o(x$fpl$fretinf)
    __fpl_return_NaN                         0x0800708b   Thumb Code   100  retnan.o(x$fpl$retnan)
    __ARM_scalbn                             0x080070ef   Thumb Code    92  scalbn.o(x$fpl$scalbn)
    __fpl_cmpreturn                          0x0800714b   Thumb Code    48  trapv.o(x$fpl$trapveneer)
    __I$use$fp                               0x0800717a   Number         0  usenofp.o(x$fpl$usenofp)
    __mathlib_zero                           0x08007230   Data           8  qnan.o(.constdata)
    AHBPrescTable                            0x08007238   Data          16  system_stm32f4xx.o(.rodata.AHBPrescTable)
    APBPrescTable                            0x08007248   Data           8  system_stm32f4xx.o(.rodata.APBPrescTable)
    adc_read_attributes                      0x08007250   Data          36  freertos.o(.rodata.adc_read_attributes)
    defaultTask_attributes                   0x08007274   Data          36  freertos.o(.rodata.defaultTask_attributes)
    no_pure_buf                              0x08007298   Data          12  freertos.o(.rodata.no_pure_buf)
    uart_1_send_attributes                   0x080072c8   Data          36  freertos.o(.rodata.uart_1_send_attributes)
    Region$$Table$$Base                      0x080072ec   Number         0  anon$$obj.o(Region$$Table)
    Region$$Table$$Limit                     0x0800730c   Number         0  anon$$obj.o(Region$$Table)
    SystemCoreClock                          0x20000000   Data           4  system_stm32f4xx.o(.data.SystemCoreClock)
    esp32_send_buf                           0x20000004   Data          16  freertos.o(.data.esp32_send_buf)
    filter_rate                              0x20000014   Data           4  freertos.o(.data.filter_rate)
    reverse_l_x                              0x20000018   Data           1  rmt_stick.o(.data.reverse_l_x)
    reverse_r_y                              0x20000019   Data           1  rmt_stick.o(.data.reverse_r_y)
    state_code                               0x2000001a   Data           4  main.o(.data.state_code)
    uwTickFreq                               0x2000001e   Data           1  stm32f4xx_hal.o(.data.uwTickFreq)
    uwTickPrio                               0x20000020   Data           4  stm32f4xx_hal.o(.data.uwTickPrio)
    __libspace_start                         0x20000028   Data          96  libspace.o(.bss)
    ADC_Value                                0x20000088   Data           8  freertos.o(.bss.ADC_Value)
    __temporary_stack_top$libspace           0x20000088   Data           0  libspace.o(.bss)
    ADC_Value_Filtered                       0x20000090   Data           8  freertos.o(.bss.ADC_Value_Filtered)
    JsSends_datas                            0x20000098   Data          20  freertos.o(.bss.JsSends_datas)
    Keys                                     0x200000b0   Data          24  freertos.o(.bss.Keys)
    My_joystick                              0x200000c8   Data          32  rmt_stick.o(.bss.My_joystick)
    My_js_origins                            0x200000e8   Data          24  rmt_stick.o(.bss.My_js_origins)
    adc_readHandle                           0x20000100   Data           4  freertos.o(.bss.adc_readHandle)
    can_send_flag                            0x20000104   Data           1  freertos.o(.bss.can_send_flag)
    defaultTaskHandle                        0x20000108   Data           4  freertos.o(.bss.defaultTaskHandle)
    esp_rx_Buffer                            0x2000010c   Data          12  main.o(.bss.esp_rx_Buffer)
    espuart_recv_times                       0x20000118   Data           4  main.o(.bss.espuart_recv_times)
    hadc1                                    0x2000011c   Data          72  adc.o(.bss.hadc1)
    hdma_adc1                                0x20000164   Data          96  adc.o(.bss.hdma_adc1)
    hdma_usart1_rx                           0x200001c4   Data          96  usart.o(.bss.hdma_usart1_rx)
    hdma_usart1_tx                           0x20000224   Data          96  usart.o(.bss.hdma_usart1_tx)
    hdma_usart2_rx                           0x20000284   Data          96  usart.o(.bss.hdma_usart2_rx)
    hdma_usart2_tx                           0x200002e4   Data          96  usart.o(.bss.hdma_usart2_tx)
    htim6                                    0x20000344   Data          72  stm32f4xx_hal_timebase_tim.o(.bss.htim6)
    huart1                                   0x2000038c   Data          72  usart.o(.bss.huart1)
    huart2                                   0x200003d4   Data          72  usart.o(.bss.huart2)
    my_msg                                   0x2000041c   Data          32  main.o(.bss.my_msg)
    pxCurrentTCB                             0x20000530   Data           4  tasks.o(.bss.pxCurrentTCB)
    reverse_l_y                              0x200009a8   Data           1  rmt_stick.o(.bss.reverse_l_y)
    reverse_r_x                              0x200009a9   Data           1  rmt_stick.o(.bss.reverse_r_x)
    rmt_Has_origins                          0x200009aa   Data           1  rmt_stick.o(.bss.rmt_Has_origins)
    rx_Buffer                                0x200009ac   Data          32  main.o(.bss.rx_Buffer)
    uart_1_sendHandle                        0x200009cc   Data           4  freertos.o(.bss.uart_1_sendHandle)
    uart_recv_times                          0x200009d0   Data           4  main.o(.bss.uart_recv_times)
    uart_send_times                          0x200009d4   Data           4  freertos.o(.bss.uart_send_times)
    uwTick                                   0x200045e0   Data           4  stm32f4xx_hal.o(.bss.uwTick)
    xQueueRegistry                           0x20004d38   Data          64  queue.o(.bss.xQueueRegistry)



==============================================================================

Memory Map of the image

  Image Entry point : 0x08000189

  Load Region LR_IROM1 (Base: 0x08000000, Size: 0x00007338, Max: 0x00080000, ABSOLUTE)

    Execution Region ER_IROM1 (Exec base: 0x08000000, Load base: 0x08000000, Size: 0x0000730c, Max: 0x00080000, ABSOLUTE)

    Exec Addr    Load Addr    Size         Type   Attr      Idx    E Section Name        Object

    0x08000000   0x08000000   0x00000188   Data   RO            3    RESET               startup_stm32f407xx.o
    0x08000188   0x08000188   0x00000008   Code   RO         2134  * !!!main             c_w.l(__main.o)
    0x08000190   0x08000190   0x00000034   Code   RO         2485    !!!scatter          c_w.l(__scatter.o)
    0x080001c4   0x080001c4   0x0000001a   Code   RO         2487    !!handler_copy      c_w.l(__scatter_copy.o)
    0x080001de   0x080001de   0x00000002   PAD
    0x080001e0   0x080001e0   0x0000001c   Code   RO         2489    !!handler_zi        c_w.l(__scatter_zi.o)
    0x080001fc   0x080001fc   0x00000000   Code   RO         2117    .ARM.Collect$$_printf_percent$$00000000  c_w.l(_printf_percent.o)
    0x080001fc   0x080001fc   0x00000006   Code   RO         2115    .ARM.Collect$$_printf_percent$$00000009  c_w.l(_printf_d.o)
    0x08000202   0x08000202   0x00000006   Code   RO         2116    .ARM.Collect$$_printf_percent$$0000000A  c_w.l(_printf_u.o)
    0x08000208   0x08000208   0x00000006   Code   RO         2114    .ARM.Collect$$_printf_percent$$0000000C  c_w.l(_printf_x.o)
    0x0800020e   0x0800020e   0x00000004   Code   RO         2241    .ARM.Collect$$_printf_percent$$00000017  c_w.l(_printf_percent_end.o)
    0x08000212   0x08000212   0x00000002   Code   RO         2348    .ARM.Collect$$libinit$$00000000  c_w.l(libinit.o)
    0x08000214   0x08000214   0x00000004   Code   RO         2359    .ARM.Collect$$libinit$$00000001  c_w.l(libinit2.o)
    0x08000218   0x08000218   0x00000000   Code   RO         2362    .ARM.Collect$$libinit$$00000004  c_w.l(libinit2.o)
    0x08000218   0x08000218   0x00000000   Code   RO         2365    .ARM.Collect$$libinit$$0000000A  c_w.l(libinit2.o)
    0x08000218   0x08000218   0x00000000   Code   RO         2367    .ARM.Collect$$libinit$$0000000C  c_w.l(libinit2.o)
    0x08000218   0x08000218   0x00000000   Code   RO         2369    .ARM.Collect$$libinit$$0000000E  c_w.l(libinit2.o)
    0x08000218   0x08000218   0x00000000   Code   RO         2372    .ARM.Collect$$libinit$$00000011  c_w.l(libinit2.o)
    0x08000218   0x08000218   0x00000000   Code   RO         2374    .ARM.Collect$$libinit$$00000013  c_w.l(libinit2.o)
    0x08000218   0x08000218   0x00000000   Code   RO         2376    .ARM.Collect$$libinit$$00000015  c_w.l(libinit2.o)
    0x08000218   0x08000218   0x00000000   Code   RO         2378    .ARM.Collect$$libinit$$00000017  c_w.l(libinit2.o)
    0x08000218   0x08000218   0x00000000   Code   RO         2380    .ARM.Collect$$libinit$$00000019  c_w.l(libinit2.o)
    0x08000218   0x08000218   0x00000000   Code   RO         2382    .ARM.Collect$$libinit$$0000001B  c_w.l(libinit2.o)
    0x08000218   0x08000218   0x00000000   Code   RO         2384    .ARM.Collect$$libinit$$0000001D  c_w.l(libinit2.o)
    0x08000218   0x08000218   0x00000000   Code   RO         2386    .ARM.Collect$$libinit$$0000001F  c_w.l(libinit2.o)
    0x08000218   0x08000218   0x00000000   Code   RO         2388    .ARM.Collect$$libinit$$00000021  c_w.l(libinit2.o)
    0x08000218   0x08000218   0x00000000   Code   RO         2390    .ARM.Collect$$libinit$$00000023  c_w.l(libinit2.o)
    0x08000218   0x08000218   0x00000000   Code   RO         2392    .ARM.Collect$$libinit$$00000025  c_w.l(libinit2.o)
    0x08000218   0x08000218   0x00000000   Code   RO         2396    .ARM.Collect$$libinit$$0000002C  c_w.l(libinit2.o)
    0x08000218   0x08000218   0x00000000   Code   RO         2398    .ARM.Collect$$libinit$$0000002E  c_w.l(libinit2.o)
    0x08000218   0x08000218   0x00000000   Code   RO         2400    .ARM.Collect$$libinit$$00000030  c_w.l(libinit2.o)
    0x08000218   0x08000218   0x00000000   Code   RO         2402    .ARM.Collect$$libinit$$00000032  c_w.l(libinit2.o)
    0x08000218   0x08000218   0x00000002   Code   RO         2403    .ARM.Collect$$libinit$$00000033  c_w.l(libinit2.o)
    0x0800021a   0x0800021a   0x00000002   Code   RO         2440    .ARM.Collect$$libshutdown$$00000000  c_w.l(libshutdown.o)
    0x0800021c   0x0800021c   0x00000000   Code   RO         2468    .ARM.Collect$$libshutdown$$00000002  c_w.l(libshutdown2.o)
    0x0800021c   0x0800021c   0x00000000   Code   RO         2470    .ARM.Collect$$libshutdown$$00000004  c_w.l(libshutdown2.o)
    0x0800021c   0x0800021c   0x00000000   Code   RO         2473    .ARM.Collect$$libshutdown$$00000007  c_w.l(libshutdown2.o)
    0x0800021c   0x0800021c   0x00000000   Code   RO         2476    .ARM.Collect$$libshutdown$$0000000A  c_w.l(libshutdown2.o)
    0x0800021c   0x0800021c   0x00000000   Code   RO         2478    .ARM.Collect$$libshutdown$$0000000C  c_w.l(libshutdown2.o)
    0x0800021c   0x0800021c   0x00000000   Code   RO         2481    .ARM.Collect$$libshutdown$$0000000F  c_w.l(libshutdown2.o)
    0x0800021c   0x0800021c   0x00000002   Code   RO         2482    .ARM.Collect$$libshutdown$$00000010  c_w.l(libshutdown2.o)
    0x0800021e   0x0800021e   0x00000000   Code   RO         2228    .ARM.Collect$$rtentry$$00000000  c_w.l(__rtentry.o)
    0x0800021e   0x0800021e   0x00000000   Code   RO         2305    .ARM.Collect$$rtentry$$00000002  c_w.l(__rtentry2.o)
    0x0800021e   0x0800021e   0x00000006   Code   RO         2317    .ARM.Collect$$rtentry$$00000004  c_w.l(__rtentry4.o)
    0x08000224   0x08000224   0x00000000   Code   RO         2307    .ARM.Collect$$rtentry$$00000009  c_w.l(__rtentry2.o)
    0x08000224   0x08000224   0x00000004   Code   RO         2308    .ARM.Collect$$rtentry$$0000000A  c_w.l(__rtentry2.o)
    0x08000228   0x08000228   0x00000000   Code   RO         2310    .ARM.Collect$$rtentry$$0000000C  c_w.l(__rtentry2.o)
    0x08000228   0x08000228   0x00000008   Code   RO         2311    .ARM.Collect$$rtentry$$0000000D  c_w.l(__rtentry2.o)
    0x08000230   0x08000230   0x00000002   Code   RO         2351    .ARM.Collect$$rtexit$$00000000  c_w.l(rtexit.o)
    0x08000232   0x08000232   0x00000000   Code   RO         2411    .ARM.Collect$$rtexit$$00000002  c_w.l(rtexit2.o)
    0x08000232   0x08000232   0x00000004   Code   RO         2412    .ARM.Collect$$rtexit$$00000003  c_w.l(rtexit2.o)
    0x08000236   0x08000236   0x00000006   Code   RO         2413    .ARM.Collect$$rtexit$$00000004  c_w.l(rtexit2.o)
    0x0800023c   0x0800023c   0x00000040   Code   RO            4    .text               startup_stm32f407xx.o
    0x0800027c   0x0800027c   0x000000f0   Code   RO         2061    .text               c_w.l(lludivv7m.o)
    0x0800036c   0x0800036c   0x0000004e   Code   RO         2069    .text               c_w.l(_printf_pad.o)
    0x080003ba   0x080003ba   0x00000002   PAD
    0x080003bc   0x080003bc   0x00000078   Code   RO         2071    .text               c_w.l(_printf_dec.o)
    0x08000434   0x08000434   0x00000058   Code   RO         2076    .text               c_w.l(_printf_hex_int.o)
    0x0800048c   0x0800048c   0x0000008a   Code   RO         2120    .text               c_w.l(rt_memcpy_v6.o)
    0x08000516   0x08000516   0x00000064   Code   RO         2122    .text               c_w.l(rt_memcpy_w.o)
    0x0800057a   0x0800057a   0x00000010   Code   RO         2126    .text               c_w.l(aeabi_memset4.o)
    0x0800058a   0x0800058a   0x0000004e   Code   RO         2130    .text               c_w.l(rt_memclr_w.o)
    0x080005d8   0x080005d8   0x00000006   Code   RO         2132    .text               c_w.l(heapauxi.o)
    0x080005de   0x080005de   0x00000016   Code   RO         2233    .text               c_w.l(_rserrno.o)
    0x080005f4   0x080005f4   0x000000b2   Code   RO         2235    .text               c_w.l(_printf_intcommon.o)
    0x080006a6   0x080006a6   0x00000002   PAD
    0x080006a8   0x080006a8   0x00000008   Code   RO         2324    .text               c_w.l(rt_errno_addr_intlibspace.o)
    0x080006b0   0x080006b0   0x00000008   Code   RO         2332    .text               c_w.l(libspace.o)
    0x080006b8   0x080006b8   0x0000004a   Code   RO         2335    .text               c_w.l(sys_stackheap_outer.o)
    0x08000702   0x08000702   0x00000012   Code   RO         2337    .text               c_w.l(exit.o)
    0x08000714   0x08000714   0x0000000c   Code   RO         2406    .text               c_w.l(sys_exit.o)
    0x08000720   0x08000720   0x00000002   Code   RO         2429    .text               c_w.l(use_no_semi.o)
    0x08000722   0x08000722   0x00000000   Code   RO         2431    .text               c_w.l(indicate_semi.o)
    0x08000722   0x08000722   0x00000002   PAD
    0x08000724   0x08000724   0x00000072   Code   RO          565    .text.ADC_DMAConvCplt  stm32f4xx_hal_adc.o
    0x08000796   0x08000796   0x00000002   PAD
    0x08000798   0x08000798   0x00000016   Code   RO          569    .text.ADC_DMAError  stm32f4xx_hal_adc.o
    0x080007ae   0x080007ae   0x00000002   PAD
    0x080007b0   0x080007b0   0x0000000a   Code   RO          567    .text.ADC_DMAHalfConvCplt  stm32f4xx_hal_adc.o
    0x080007ba   0x080007ba   0x00000002   PAD
    0x080007bc   0x080007bc   0x00000108   Code   RO          537    .text.ADC_Init      stm32f4xx_hal_adc.o
    0x080008c4   0x080008c4   0x00000002   Code   RO          142    .text.BusFault_Handler  stm32f4xx_it.o
    0x080008c6   0x080008c6   0x00000002   PAD
    0x080008c8   0x080008c8   0x0000009c   Code   RO         1992    .text.DL_LN_decode  dl_ln.o
    0x08000964   0x08000964   0x00000010   Code   RO          148    .text.DMA1_Stream5_IRQHandler  stm32f4xx_it.o
    0x08000974   0x08000974   0x00000010   Code   RO          150    .text.DMA1_Stream6_IRQHandler  stm32f4xx_it.o
    0x08000984   0x08000984   0x00000010   Code   RO          158    .text.DMA2_Stream0_IRQHandler  stm32f4xx_it.o
    0x08000994   0x08000994   0x00000010   Code   RO          160    .text.DMA2_Stream2_IRQHandler  stm32f4xx_it.o
    0x080009a4   0x080009a4   0x00000010   Code   RO          162    .text.DMA2_Stream7_IRQHandler  stm32f4xx_it.o
    0x080009b4   0x080009b4   0x0000003c   Code   RO          816    .text.DMA_CalcBaseAndBitshift  stm32f4xx_hal_dma.o
    0x080009f0   0x080009f0   0x00000050   Code   RO          814    .text.DMA_CheckFifoParam  stm32f4xx_hal_dma.o
    0x08000a40   0x08000a40   0x00000030   Code   RO          822    .text.DMA_SetConfig  stm32f4xx_hal_dma.o
    0x08000a70   0x08000a70   0x00000002   Code   RO          146    .text.DebugMon_Handler  stm32f4xx_it.o
    0x08000a72   0x08000a72   0x00000002   PAD
    0x08000a74   0x08000a74   0x00000006   Code   RO           19    .text.Error_Handler  main.o
    0x08000a7a   0x08000a7a   0x00000002   PAD
    0x08000a7c   0x08000a7c   0x00000106   Code   RO          577    .text.HAL_ADC_ConfigChannel  stm32f4xx_hal_adc.o
    0x08000b82   0x08000b82   0x00000002   PAD
    0x08000b84   0x08000b84   0x00000002   Code   RO           11    .text.HAL_ADC_ConvCpltCallback  main.o
    0x08000b86   0x08000b86   0x00000002   PAD
    0x08000b88   0x08000b88   0x00000002   Code   RO          575    .text.HAL_ADC_ConvHalfCpltCallback  stm32f4xx_hal_adc.o
    0x08000b8a   0x08000b8a   0x00000002   PAD
    0x08000b8c   0x08000b8c   0x00000002   Code   RO          561    .text.HAL_ADC_ErrorCallback  stm32f4xx_hal_adc.o
    0x08000b8e   0x08000b8e   0x00000002   PAD
    0x08000b90   0x08000b90   0x0000004e   Code   RO          533    .text.HAL_ADC_Init  stm32f4xx_hal_adc.o
    0x08000bde   0x08000bde   0x00000002   PAD
    0x08000be0   0x08000be0   0x000000b2   Code   RO           91    .text.HAL_ADC_MspInit  adc.o
    0x08000c92   0x08000c92   0x00000002   PAD
    0x08000c94   0x08000c94   0x00000162   Code   RO          563    .text.HAL_ADC_Start_DMA  stm32f4xx_hal_adc.o
    0x08000df6   0x08000df6   0x00000002   PAD
    0x08000df8   0x08000df8   0x00000080   Code   RO          826    .text.HAL_DMA_Abort  stm32f4xx_hal_dma.o
    0x08000e78   0x08000e78   0x00000024   Code   RO          828    .text.HAL_DMA_Abort_IT  stm32f4xx_hal_dma.o
    0x08000e9c   0x08000e9c   0x0000018c   Code   RO          832    .text.HAL_DMA_IRQHandler  stm32f4xx_hal_dma.o
    0x08001028   0x08001028   0x000000ce   Code   RO          812    .text.HAL_DMA_Init  stm32f4xx_hal_dma.o
    0x080010f6   0x080010f6   0x00000002   PAD
    0x080010f8   0x080010f8   0x00000062   Code   RO          824    .text.HAL_DMA_Start_IT  stm32f4xx_hal_dma.o
    0x0800115a   0x0800115a   0x00000002   PAD
    0x0800115c   0x0800115c   0x0000019a   Code   RO          772    .text.HAL_GPIO_Init  stm32f4xx_hal_gpio.o
    0x080012f6   0x080012f6   0x00000002   PAD
    0x080012f8   0x080012f8   0x0000000a   Code   RO          776    .text.HAL_GPIO_ReadPin  stm32f4xx_hal_gpio.o
    0x08001302   0x08001302   0x00000002   PAD
    0x08001304   0x08001304   0x0000000c   Code   RO         1002    .text.HAL_GetTick   stm32f4xx_hal.o
    0x08001310   0x08001310   0x0000001a   Code   RO         1000    .text.HAL_IncTick   stm32f4xx_hal.o
    0x0800132a   0x0800132a   0x00000002   PAD
    0x0800132c   0x0800132c   0x00000036   Code   RO          990    .text.HAL_Init      stm32f4xx_hal.o
    0x08001362   0x08001362   0x00000002   PAD
    0x08001364   0x08001364   0x000000ae   Code   RO          180    .text.HAL_InitTick  stm32f4xx_hal_timebase_tim.o
    0x08001412   0x08001412   0x00000002   PAD
    0x08001414   0x08001414   0x00000046   Code   RO          171    .text.HAL_MspInit   stm32f4xx_hal_msp.o
    0x0800145a   0x0800145a   0x00000002   PAD
    0x0800145c   0x0800145c   0x00000008   Code   RO          924    .text.HAL_NVIC_EnableIRQ  stm32f4xx_hal_cortex.o
    0x08001464   0x08001464   0x0000001e   Code   RO          916    .text.HAL_NVIC_SetPriority  stm32f4xx_hal_cortex.o
    0x08001482   0x08001482   0x00000002   PAD
    0x08001484   0x08001484   0x00000008   Code   RO          912    .text.HAL_NVIC_SetPriorityGrouping  stm32f4xx_hal_cortex.o
    0x0800148c   0x0800148c   0x00000160   Code   RO          636    .text.HAL_RCC_ClockConfig  stm32f4xx_hal_rcc.o
    0x080015ec   0x080015ec   0x0000003e   Code   RO          654    .text.HAL_RCC_GetClockConfig  stm32f4xx_hal_rcc.o
    0x0800162a   0x0800162a   0x00000002   PAD
    0x0800162c   0x0800162c   0x0000000c   Code   RO          646    .text.HAL_RCC_GetHCLKFreq  stm32f4xx_hal_rcc.o
    0x08001638   0x08001638   0x00000022   Code   RO          648    .text.HAL_RCC_GetPCLK1Freq  stm32f4xx_hal_rcc.o
    0x0800165a   0x0800165a   0x00000002   PAD
    0x0800165c   0x0800165c   0x00000022   Code   RO          650    .text.HAL_RCC_GetPCLK2Freq  stm32f4xx_hal_rcc.o
    0x0800167e   0x0800167e   0x00000002   PAD
    0x08001680   0x08001680   0x0000006a   Code   RO          638    .text.HAL_RCC_GetSysClockFreq  stm32f4xx_hal_rcc.o
    0x080016ea   0x080016ea   0x00000002   PAD
    0x080016ec   0x080016ec   0x00000344   Code   RO          634    .text.HAL_RCC_OscConfig  stm32f4xx_hal_rcc.o
    0x08001a30   0x08001a30   0x00000002   Code   RO          519    .text.HAL_TIMEx_BreakCallback  stm32f4xx_hal_tim_ex.o
    0x08001a32   0x08001a32   0x00000002   PAD
    0x08001a34   0x08001a34   0x00000002   Code   RO          515    .text.HAL_TIMEx_CommutCallback  stm32f4xx_hal_tim_ex.o
    0x08001a36   0x08001a36   0x00000002   PAD
    0x08001a38   0x08001a38   0x0000005a   Code   RO          195    .text.HAL_TIM_Base_Init  stm32f4xx_hal_tim.o
    0x08001a92   0x08001a92   0x00000002   PAD
    0x08001a94   0x08001a94   0x00000002   Code   RO          197    .text.HAL_TIM_Base_MspInit  stm32f4xx_hal_tim.o
    0x08001a96   0x08001a96   0x00000002   PAD
    0x08001a98   0x08001a98   0x000000a8   Code   RO          209    .text.HAL_TIM_Base_Start_IT  stm32f4xx_hal_tim.o
    0x08001b40   0x08001b40   0x00000002   Code   RO          331    .text.HAL_TIM_IC_CaptureCallback  stm32f4xx_hal_tim.o
    0x08001b42   0x08001b42   0x00000002   PAD
    0x08001b44   0x08001b44   0x00000134   Code   RO          329    .text.HAL_TIM_IRQHandler  stm32f4xx_hal_tim.o
    0x08001c78   0x08001c78   0x00000002   Code   RO          333    .text.HAL_TIM_OC_DelayElapsedCallback  stm32f4xx_hal_tim.o
    0x08001c7a   0x08001c7a   0x00000002   PAD
    0x08001c7c   0x08001c7c   0x00000002   Code   RO          335    .text.HAL_TIM_PWM_PulseFinishedCallback  stm32f4xx_hal_tim.o
    0x08001c7e   0x08001c7e   0x00000002   PAD
    0x08001c80   0x08001c80   0x00000016   Code   RO           21    .text.HAL_TIM_PeriodElapsedCallback  main.o
    0x08001c96   0x08001c96   0x00000002   PAD
    0x08001c98   0x08001c98   0x00000002   Code   RO          339    .text.HAL_TIM_TriggerCallback  stm32f4xx_hal_tim.o
    0x08001c9a   0x08001c9a   0x00000002   PAD
    0x08001c9c   0x08001c9c   0x0000005c   Code   RO         1135    .text.HAL_UARTEx_ReceiveToIdle_DMA  stm32f4xx_hal_uart.o
    0x08001cf8   0x08001cf8   0x00000148   Code   RO           13    .text.HAL_UARTEx_RxEventCallback  main.o
    0x08001e40   0x08001e40   0x00000002   Code   RO         1171    .text.HAL_UART_ErrorCallback  stm32f4xx_hal_uart.o
    0x08001e42   0x08001e42   0x00000002   PAD
    0x08001e44   0x08001e44   0x00000252   Code   RO         1165    .text.HAL_UART_IRQHandler  stm32f4xx_hal_uart.o
    0x08002096   0x08002096   0x00000002   PAD
    0x08002098   0x08002098   0x00000060   Code   RO         1081    .text.HAL_UART_Init  stm32f4xx_hal_uart.o
    0x080020f8   0x080020f8   0x000001e4   Code   RO          118    .text.HAL_UART_MspInit  usart.o
    0x080022dc   0x080022dc   0x00000002   Code   RO         1183    .text.HAL_UART_RxCpltCallback  stm32f4xx_hal_uart.o
    0x080022de   0x080022de   0x00000002   PAD
    0x080022e0   0x080022e0   0x00000002   Code   RO         1185    .text.HAL_UART_RxHalfCpltCallback  stm32f4xx_hal_uart.o
    0x080022e2   0x080022e2   0x00000002   PAD
    0x080022e4   0x080022e4   0x0000007c   Code   RO         1109    .text.HAL_UART_Transmit_DMA  stm32f4xx_hal_uart.o
    0x08002360   0x08002360   0x00000002   Code   RO         1179    .text.HAL_UART_TxCpltCallback  stm32f4xx_hal_uart.o
    0x08002362   0x08002362   0x00000002   PAD
    0x08002364   0x08002364   0x00000002   Code   RO         1181    .text.HAL_UART_TxHalfCpltCallback  stm32f4xx_hal_uart.o
    0x08002366   0x08002366   0x00000002   PAD
    0x08002368   0x08002368   0x00000002   Code   RO          138    .text.HardFault_Handler  stm32f4xx_it.o
    0x0800236a   0x0800236a   0x00000002   PAD
    0x0800236c   0x0800236c   0x000000c8   Code   RO           89    .text.MX_ADC1_Init  adc.o
    0x08002434   0x08002434   0x0000008a   Code   RO          105    .text.MX_DMA_Init   dma.o
    0x080024be   0x080024be   0x00000002   PAD
    0x080024c0   0x080024c0   0x00000064   Code   RO           51    .text.MX_FREERTOS_Init  freertos.o
    0x08002524   0x08002524   0x0000009c   Code   RO           42    .text.MX_GPIO_Init  gpio.o
    0x080025c0   0x080025c0   0x00000038   Code   RO          114    .text.MX_USART1_UART_Init  usart.o
    0x080025f8   0x080025f8   0x00000038   Code   RO          116    .text.MX_USART2_UART_Init  usart.o
    0x08002630   0x08002630   0x00000002   Code   RO          140    .text.MemManage_Handler  stm32f4xx_it.o
    0x08002632   0x08002632   0x00000002   PAD
    0x08002634   0x08002634   0x00000002   Code   RO          136    .text.NMI_Handler   stm32f4xx_it.o
    0x08002636   0x08002636   0x00000002   PAD
    0x08002638   0x08002638   0x0000002c   Code   RO          922    .text.NVIC_EncodePriority  stm32f4xx_hal_cortex.o
    0x08002664   0x08002664   0x0000000c   PAD
    0x08002670   0x08002670   0x00000064   Code   RO         1888    .text.PendSV_Handler  port.o
    0x080026d4   0x080026d4   0x0000000c   PAD
    0x080026e0   0x080026e0   0x00000024   Code   RO         1872    .text.SVC_Handler   port.o
    0x08002704   0x08002704   0x00000008   Code   RO         1666    .text.SVC_Setup     cmsis_os2.o
    0x0800270c   0x0800270c   0x0000000a   Code   RO           53    .text.StartDefaultTask  freertos.o
    0x08002716   0x08002716   0x00000002   PAD
    0x08002718   0x08002718   0x0000001a   Code   RO         1656    .text.SysTick_Handler  cmsis_os2.o
    0x08002732   0x08002732   0x00000002   PAD
    0x08002734   0x08002734   0x000000a0   Code   RO           17    .text.SystemClock_Config  main.o
    0x080027d4   0x080027d4   0x00000012   Code   RO         1213    .text.SystemInit    system_stm32f4xx.o
    0x080027e6   0x080027e6   0x00000002   PAD
    0x080027e8   0x080027e8   0x00000010   Code   RO          156    .text.TIM6_DAC_IRQHandler  stm32f4xx_it.o
    0x080027f8   0x080027f8   0x00000134   Code   RO          199    .text.TIM_Base_SetConfig  stm32f4xx_hal_tim.o
    0x0800292c   0x0800292c   0x00000010   Code   RO         1169    .text.UART_DMAAbortOnError  stm32f4xx_hal_uart.o
    0x0800293c   0x0800293c   0x0000004c   Code   RO         1115    .text.UART_DMAError  stm32f4xx_hal_uart.o
    0x08002988   0x08002988   0x00000084   Code   RO         1201    .text.UART_DMAReceiveCplt  stm32f4xx_hal_uart.o
    0x08002a0c   0x08002a0c   0x0000001e   Code   RO         1203    .text.UART_DMARxHalfCplt  stm32f4xx_hal_uart.o
    0x08002a2a   0x08002a2a   0x00000002   PAD
    0x08002a2c   0x08002a2c   0x00000040   Code   RO         1111    .text.UART_DMATransmitCplt  stm32f4xx_hal_uart.o
    0x08002a6c   0x08002a6c   0x0000000a   Code   RO         1113    .text.UART_DMATxHalfCplt  stm32f4xx_hal_uart.o
    0x08002a76   0x08002a76   0x00000002   PAD
    0x08002a78   0x08002a78   0x00000050   Code   RO         1129    .text.UART_EndRxTransfer  stm32f4xx_hal_uart.o
    0x08002ac8   0x08002ac8   0x00000018   Code   RO         1177    .text.UART_EndTransmit_IT  stm32f4xx_hal_uart.o
    0x08002ae0   0x08002ae0   0x0000001c   Code   RO         1127    .text.UART_EndTxTransfer  stm32f4xx_hal_uart.o
    0x08002afc   0x08002afc   0x000000c8   Code   RO         1167    .text.UART_Receive_IT  stm32f4xx_hal_uart.o
    0x08002bc4   0x08002bc4   0x000000dc   Code   RO         1085    .text.UART_SetConfig  stm32f4xx_hal_uart.o
    0x08002ca0   0x08002ca0   0x00000096   Code   RO         1119    .text.UART_Start_Receive_DMA  stm32f4xx_hal_uart.o
    0x08002d36   0x08002d36   0x00000002   PAD
    0x08002d38   0x08002d38   0x00000052   Code   RO         1175    .text.UART_Transmit_IT  stm32f4xx_hal_uart.o
    0x08002d8a   0x08002d8a   0x00000002   PAD
    0x08002d8c   0x08002d8c   0x00000010   Code   RO          152    .text.USART1_IRQHandler  stm32f4xx_it.o
    0x08002d9c   0x08002d9c   0x00000010   Code   RO          154    .text.USART2_IRQHandler  stm32f4xx_it.o
    0x08002dac   0x08002dac   0x00000002   Code   RO          144    .text.UsageFault_Handler  stm32f4xx_it.o
    0x08002dae   0x08002dae   0x00000002   PAD
    0x08002db0   0x08002db0   0x00000020   Code   RO          926    .text.__NVIC_EnableIRQ  stm32f4xx_hal_cortex.o
    0x08002dd0   0x08002dd0   0x00000010   Code   RO          918    .text.__NVIC_GetPriorityGrouping  stm32f4xx_hal_cortex.o
    0x08002de0   0x08002de0   0x00000022   Code   RO          920    .text.__NVIC_SetPriority  stm32f4xx_hal_cortex.o
    0x08002e02   0x08002e02   0x00000002   PAD
    0x08002e04   0x08002e04   0x0000000e   Code   RO         1820    .text.__NVIC_SetPriority  cmsis_os2.o
    0x08002e12   0x08002e12   0x00000002   PAD
    0x08002e14   0x08002e14   0x00000020   Code   RO          914    .text.__NVIC_SetPriorityGrouping  stm32f4xx_hal_cortex.o
    0x08002e34   0x08002e34   0x00000358   Code   RO           55    .text.adc_read_Task  freertos.o
    0x0800318c   0x0800318c   0x00000026   Code   RO           59    .text.arrayToByte   freertos.o
    0x080031b2   0x080031b2   0x00000002   PAD
    0x080031b4   0x080031b4   0x0000007a   Code   RO           15    .text.main          main.o
    0x0800322e   0x0800322e   0x00000002   PAD
    0x08003230   0x08003230   0x00000020   Code   RO         1724    .text.osDelay       cmsis_os2.o
    0x08003250   0x08003250   0x00000028   Code   RO         1658    .text.osKernelInitialize  cmsis_os2.o
    0x08003278   0x08003278   0x00000034   Code   RO         1664    .text.osKernelStart  cmsis_os2.o
    0x080032ac   0x080032ac   0x000000b4   Code   RO         1688    .text.osThreadNew   cmsis_os2.o
    0x08003360   0x08003360   0x00000080   Code   RO         1450    .text.prvAddCurrentTaskToDelayedList  tasks.o
    0x080033e0   0x080033e0   0x000000ac   Code   RO         1436    .text.prvAddNewTaskToReadyList  tasks.o
    0x0800348c   0x0800348c   0x0000007c   Code   RO         1587    .text.prvCheckForValidListAndQueue  timers.o
    0x08003508   0x08003508   0x0000004e   Code   RO         1554    .text.prvCheckTasksWaitingTermination  tasks.o
    0x08003556   0x08003556   0x00000002   PAD
    0x08003558   0x08003558   0x00000026   Code   RO         1327    .text.prvCopyDataFromQueue  queue.o
    0x0800357e   0x0800357e   0x00000002   PAD
    0x08003580   0x08003580   0x0000007a   Code   RO         1315    .text.prvCopyDataToQueue  queue.o
    0x080035fa   0x080035fa   0x00000002   PAD
    0x080035fc   0x080035fc   0x00000036   Code   RO         1442    .text.prvDeleteTCB  tasks.o
    0x08003632   0x08003632   0x00000002   PAD
    0x08003634   0x08003634   0x00000020   Code   RO         1625    .text.prvGetNextExpireTime  timers.o
    0x08003654   0x08003654   0x00000076   Code   RO         1838    .text.prvHeapInit   heap_4.o
    0x080036ca   0x080036ca   0x00000002   PAD
    0x080036cc   0x080036cc   0x0000002a   Code   RO         1476    .text.prvIdleTask   tasks.o
    0x080036f6   0x080036f6   0x00000002   PAD
    0x080036f8   0x080036f8   0x00000020   Code   RO         1289    .text.prvInitialiseNewQueue  queue.o
    0x08003718   0x08003718   0x00000098   Code   RO         1434    .text.prvInitialiseNewTask  tasks.o
    0x080037b0   0x080037b0   0x00000070   Code   RO         1552    .text.prvInitialiseTaskLists  tasks.o
    0x08003820   0x08003820   0x00000062   Code   RO         1840    .text.prvInsertBlockIntoFreeList  heap_4.o
    0x08003882   0x08003882   0x00000002   PAD
    0x08003884   0x08003884   0x00000040   Code   RO         1637    .text.prvInsertTimerInActiveList  timers.o
    0x080038c4   0x080038c4   0x00000018   Code   RO         1329    .text.prvIsQueueEmpty  queue.o
    0x080038dc   0x080038dc   0x0000001c   Code   RO         1317    .text.prvIsQueueFull  queue.o
    0x080038f8   0x080038f8   0x00000028   Code   RO         1880    .text.prvPortStartFirstTask  port.o
    0x08003920   0x08003920   0x0000006e   Code   RO         1633    .text.prvProcessExpiredTimer  timers.o
    0x0800398e   0x0800398e   0x00000002   PAD
    0x08003990   0x08003990   0x00000122   Code   RO         1629    .text.prvProcessReceivedCommands  timers.o
    0x08003ab2   0x08003ab2   0x00000002   PAD
    0x08003ab4   0x08003ab4   0x00000080   Code   RO         1627    .text.prvProcessTimerOrBlockTask  timers.o
    0x08003b34   0x08003b34   0x00000028   Code   RO         1444    .text.prvResetNextTaskUnblockTime  tasks.o
    0x08003b5c   0x08003b5c   0x0000002a   Code   RO         1631    .text.prvSampleTimeNow  timers.o
    0x08003b86   0x08003b86   0x00000002   PAD
    0x08003b88   0x08003b88   0x0000008e   Code   RO         1635    .text.prvSwitchTimerLists  timers.o
    0x08003c16   0x08003c16   0x00000002   PAD
    0x08003c18   0x08003c18   0x00000032   Code   RO         1870    .text.prvTaskExitError  port.o
    0x08003c4a   0x08003c4a   0x00000002   PAD
    0x08003c4c   0x08003c4c   0x00000016   Code   RO         1589    .text.prvTimerTask  timers.o
    0x08003c62   0x08003c62   0x00000002   PAD
    0x08003c64   0x08003c64   0x00000072   Code   RO         1319    .text.prvUnlockQueue  queue.o
    0x08003cd6   0x08003cd6   0x00000002   PAD
    0x08003cd8   0x08003cd8   0x00000138   Code   RO         1836    .text.pvPortMalloc  heap_4.o
    0x08003e10   0x08003e10   0x00000028   Code   RO         1868    .text.pxPortInitialiseStack  port.o
    0x08003e38   0x08003e38   0x0000012c   Code   RO         1925    .text.rmt_Joystick_GetPercent  rmt_stick.o
    0x08003f64   0x08003f64   0x00000070   Code   RO         1915    .text.rmt_Joystick_Reflect  rmt_stick.o
    0x08003fd4   0x08003fd4   0x0000004e   Code   RO         1919    .text.rmt_Reverse   rmt_stick.o
    0x08004022   0x08004022   0x00000002   PAD
    0x08004024   0x08004024   0x00000070   Code   RO         1909    .text.rmt_check_rmts_status  rmt_stick.o
    0x08004094   0x08004094   0x0000009a   Code   RO         1913    .text.rmt_decode_joystick_msg  rmt_stick.o
    0x0800412e   0x0800412e   0x00000002   PAD
    0x08004130   0x08004130   0x0000017c   Code   RO         1923    .text.rmt_load_JsBuffer_addr  rmt_stick.o
    0x080042ac   0x080042ac   0x00000098   Code   RO         1917    .text.rmt_pow_float  rmt_stick.o
    0x08004344   0x08004344   0x0000001a   Code   RO           61    .text.send_JS_dma   freertos.o
    0x0800435e   0x0800435e   0x00000002   PAD
    0x08004360   0x08004360   0x00000048   Code   RO           57    .text.uart_1_send_Task  freertos.o
    0x080043a8   0x080043a8   0x00000028   Code   RO         1275    .text.uxListRemove  list.o
    0x080043d0   0x080043d0   0x0000001a   Code   RO         1816    .text.vApplicationGetIdleTaskMemory  cmsis_os2.o
    0x080043ea   0x080043ea   0x00000002   PAD
    0x080043ec   0x080043ec   0x0000001c   Code   RO         1818    .text.vApplicationGetTimerTaskMemory  cmsis_os2.o
    0x08004408   0x08004408   0x00000016   Code   RO         1267    .text.vListInitialise  list.o
    0x0800441e   0x0800441e   0x00000002   PAD
    0x08004420   0x08004420   0x00000006   Code   RO         1269    .text.vListInitialiseItem  list.o
    0x08004426   0x08004426   0x00000002   PAD
    0x08004428   0x08004428   0x0000003a   Code   RO         1273    .text.vListInsert   list.o
    0x08004462   0x08004462   0x00000002   PAD
    0x08004464   0x08004464   0x0000001c   Code   RO         1271    .text.vListInsertEnd  list.o
    0x08004480   0x08004480   0x00000014   Code   RO         1878    .text.vPortEnableVFP  port.o
    0x08004494   0x08004494   0x00000046   Code   RO         1884    .text.vPortEnterCritical  port.o
    0x080044da   0x080044da   0x00000002   PAD
    0x080044dc   0x080044dc   0x0000002e   Code   RO         1886    .text.vPortExitCritical  port.o
    0x0800450a   0x0800450a   0x00000002   PAD
    0x0800450c   0x0800450c   0x0000008a   Code   RO         1842    .text.vPortFree     heap_4.o
    0x08004596   0x08004596   0x00000002   PAD
    0x08004598   0x08004598   0x00000034   Code   RO         1876    .text.vPortSetupTimerInterrupt  port.o
    0x080045cc   0x080045cc   0x00000062   Code   RO         1892    .text.vPortValidateInterruptPriority  port.o
    0x0800462e   0x0800462e   0x00000002   PAD
    0x08004630   0x08004630   0x00000028   Code   RO         1359    .text.vQueueAddToRegistry  queue.o
    0x08004658   0x08004658   0x00000044   Code   RO         1363    .text.vQueueWaitForMessageRestricted  queue.o
    0x0800469c   0x0800469c   0x00000054   Code   RO         1454    .text.vTaskDelay    tasks.o
    0x080046f0   0x080046f0   0x0000001a   Code   RO         1508    .text.vTaskInternalSetTimeOutState  tasks.o
    0x0800470a   0x0800470a   0x00000002   PAD
    0x0800470c   0x0800470c   0x0000000e   Code   RO         1512    .text.vTaskMissedYield  tasks.o
    0x0800471a   0x0800471a   0x00000002   PAD
    0x0800471c   0x0800471c   0x00000032   Code   RO         1496    .text.vTaskPlaceOnEventList  tasks.o
    0x0800474e   0x0800474e   0x00000002   PAD
    0x08004750   0x08004750   0x0000003e   Code   RO         1500    .text.vTaskPlaceOnEventListRestricted  tasks.o
    0x0800478e   0x0800478e   0x00000002   PAD
    0x08004790   0x08004790   0x000000a8   Code   RO         1474    .text.vTaskStartScheduler  tasks.o
    0x08004838   0x08004838   0x00000010   Code   RO         1448    .text.vTaskSuspendAll  tasks.o
    0x08004848   0x08004848   0x0000009a   Code   RO         1466    .text.vTaskSwitchContext  tasks.o
    0x080048e2   0x080048e2   0x00000002   PAD
    0x080048e4   0x080048e4   0x00000116   Code   RO         1874    .text.xPortStartScheduler  port.o
    0x080049fa   0x080049fa   0x00000002   PAD
    0x080049fc   0x080049fc   0x0000002e   Code   RO         1890    .text.xPortSysTickHandler  port.o
    0x08004a2a   0x08004a2a   0x00000002   PAD
    0x08004a2c   0x08004a2c   0x00000096   Code   RO         1287    .text.xQueueGenericCreateStatic  queue.o
    0x08004ac2   0x08004ac2   0x00000002   PAD
    0x08004ac4   0x08004ac4   0x0000007e   Code   RO         1285    .text.xQueueGenericReset  queue.o
    0x08004b42   0x08004b42   0x00000002   PAD
    0x08004b44   0x08004b44   0x000001a2   Code   RO         1305    .text.xQueueGenericSend  queue.o
    0x08004ce6   0x08004ce6   0x00000002   PAD
    0x08004ce8   0x08004ce8   0x000000ce   Code   RO         1321    .text.xQueueGenericSendFromISR  queue.o
    0x08004db6   0x08004db6   0x00000002   PAD
    0x08004db8   0x08004db8   0x00000180   Code   RO         1325    .text.xQueueReceive  queue.o
    0x08004f38   0x08004f38   0x00000088   Code   RO         1510    .text.xTaskCheckForTimeOut  tasks.o
    0x08004fc0   0x08004fc0   0x00000066   Code   RO         1438    .text.xTaskCreate   tasks.o
    0x08005026   0x08005026   0x00000002   PAD
    0x08005028   0x08005028   0x00000076   Code   RO         1432    .text.xTaskCreateStatic  tasks.o
    0x0800509e   0x0800509e   0x00000002   PAD
    0x080050a0   0x080050a0   0x00000026   Code   RO         1526    .text.xTaskGetSchedulerState  tasks.o
    0x080050c6   0x080050c6   0x00000002   PAD
    0x080050c8   0x080050c8   0x0000000c   Code   RO         1482    .text.xTaskGetTickCount  tasks.o
    0x080050d4   0x080050d4   0x00000152   Code   RO         1480    .text.xTaskIncrementTick  tasks.o
    0x08005226   0x08005226   0x00000002   PAD
    0x08005228   0x08005228   0x00000092   Code   RO         1530    .text.xTaskPriorityDisinherit  tasks.o
    0x080052ba   0x080052ba   0x00000002   PAD
    0x080052bc   0x080052bc   0x0000008e   Code   RO         1502    .text.xTaskRemoveFromEventList  tasks.o
    0x0800534a   0x0800534a   0x00000002   PAD
    0x0800534c   0x0800534c   0x00000114   Code   RO         1452    .text.xTaskResumeAll  tasks.o
    0x08005460   0x08005460   0x00000080   Code   RO         1585    .text.xTimerCreateTimerTask  timers.o
    0x080054e0   0x080054e0   0x00000068   Code   RO         1597    .text.xTimerGenericCommand  timers.o
    0x08005548   0x08005548   0x00000030   Code   RO         2288    i.__ARM_fpclassify  m_wm.l(fpclassify.o)
    0x08005578   0x08005578   0x00000c50   Code   RO         2190    i.__hardfp_pow      m_wm.l(pow.o)
    0x080061c8   0x080061c8   0x000000f8   Code   RO         2290    i.__kernel_poly     m_wm.l(poly.o)
    0x080062c0   0x080062c0   0x00000030   Code   RO         2268    i.__mathlib_dbl_divzero  m_wm.l(dunder.o)
    0x080062f0   0x080062f0   0x00000014   Code   RO         2270    i.__mathlib_dbl_infnan2  m_wm.l(dunder.o)
    0x08006304   0x08006304   0x00000004   PAD
    0x08006308   0x08006308   0x00000020   Code   RO         2271    i.__mathlib_dbl_invalid  m_wm.l(dunder.o)
    0x08006328   0x08006328   0x00000020   Code   RO         2272    i.__mathlib_dbl_overflow  m_wm.l(dunder.o)
    0x08006348   0x08006348   0x00000020   Code   RO         2274    i.__mathlib_dbl_underflow  m_wm.l(dunder.o)
    0x08006368   0x08006368   0x00000018   Code   RO         2284    i.fabs              m_wm.l(fabs.o)
    0x08006380   0x08006380   0x0000006e   Code   RO         2218    i.sqrt              m_wm.l(sqrt.o)
    0x080063ee   0x080063ee   0x00000018   Code   RO         2242    x$fpl$basic         fz_wm.l(basic.o)
    0x08006406   0x08006406   0x00000002   PAD
    0x08006408   0x08006408   0x00000062   Code   RO         2136    x$fpl$d2f           fz_wm.l(d2f.o)
    0x0800646a   0x0800646a   0x00000002   PAD
    0x0800646c   0x0800646c   0x00000150   Code   RO         2138    x$fpl$dadd          fz_wm.l(daddsub_clz.o)
    0x080065bc   0x080065bc   0x00000010   Code   RO         2328    x$fpl$dcheck1       fz_wm.l(dcheck1.o)
    0x080065cc   0x080065cc   0x00000018   Code   RO         2330    x$fpl$dcmpinf       fz_wm.l(dcmpi.o)
    0x080065e4   0x080065e4   0x000002b0   Code   RO         2147    x$fpl$ddiv          fz_wm.l(ddiv.o)
    0x08006894   0x08006894   0x0000005e   Code   RO         2150    x$fpl$dfix          fz_wm.l(dfix.o)
    0x080068f2   0x080068f2   0x0000002e   Code   RO         2155    x$fpl$dflt          fz_wm.l(dflt_clz.o)
    0x08006920   0x08006920   0x00000078   Code   RO         2248    x$fpl$dleqf         fz_wm.l(dleqf.o)
    0x08006998   0x08006998   0x00000154   Code   RO         2160    x$fpl$dmul          fz_wm.l(dmul.o)
    0x08006aec   0x08006aec   0x0000009c   Code   RO         2250    x$fpl$dnaninf       fz_wm.l(dnaninf.o)
    0x08006b88   0x08006b88   0x0000000c   Code   RO         2252    x$fpl$dretinf       fz_wm.l(dretinf.o)
    0x08006b94   0x08006b94   0x0000006c   Code   RO         2254    x$fpl$drleqf        fz_wm.l(drleqf.o)
    0x08006c00   0x08006c00   0x00000016   Code   RO         2139    x$fpl$drsb          fz_wm.l(daddsub_clz.o)
    0x08006c16   0x08006c16   0x00000002   PAD
    0x08006c18   0x08006c18   0x00000198   Code   RO         2256    x$fpl$dsqrt         fz_wm.l(dsqrt_umaal.o)
    0x08006db0   0x08006db0   0x000001d4   Code   RO         2140    x$fpl$dsub          fz_wm.l(daddsub_clz.o)
    0x08006f84   0x08006f84   0x00000056   Code   RO         2162    x$fpl$f2d           fz_wm.l(f2d.o)
    0x08006fda   0x08006fda   0x0000008c   Code   RO         2258    x$fpl$fnaninf       fz_wm.l(fnaninf.o)
    0x08007066   0x08007066   0x0000001a   Code   RO         2423    x$fpl$fpinit        fz_wm.l(fpinit.o)
    0x08007080   0x08007080   0x0000000a   Code   RO         2260    x$fpl$fretinf       fz_wm.l(fretinf.o)
    0x0800708a   0x0800708a   0x00000064   Code   RO         2349    x$fpl$retnan        fz_wm.l(retnan.o)
    0x080070ee   0x080070ee   0x0000005c   Code   RO         2262    x$fpl$scalbn        fz_wm.l(scalbn.o)
    0x0800714a   0x0800714a   0x00000030   Code   RO         2404    x$fpl$trapveneer    fz_wm.l(trapv.o)
    0x0800717a   0x0800717a   0x00000000   Code   RO         2264    x$fpl$usenofp       fz_wm.l(usenofp.o)
    0x0800717a   0x0800717a   0x00000028   Data   RO         2077    .constdata          c_w.l(_printf_hex_int.o)
    0x080071a2   0x080071a2   0x00000006   PAD
    0x080071a8   0x080071a8   0x00000088   Data   RO         2193    .constdata          m_wm.l(pow.o)
    0x08007230   0x08007230   0x00000008   Data   RO         2292    .constdata          m_wm.l(qnan.o)
    0x08007238   0x08007238   0x00000010   Data   RO         1218    .rodata.AHBPrescTable  system_stm32f4xx.o
    0x08007248   0x08007248   0x00000008   Data   RO         1219    .rodata.APBPrescTable  system_stm32f4xx.o
    0x08007250   0x08007250   0x00000024   Data   RO           75    .rodata.adc_read_attributes  freertos.o
    0x08007274   0x08007274   0x00000024   Data   RO           74    .rodata.defaultTask_attributes  freertos.o
    0x08007298   0x08007298   0x0000000c   Data   RO           67    .rodata.no_pure_buf  freertos.o
    0x080072a4   0x080072a4   0x00000021   Data   RO           73    .rodata.str1.1      freertos.o
    0x080072c5   0x080072c5   0x00000003   PAD
    0x080072c8   0x080072c8   0x00000024   Data   RO           76    .rodata.uart_1_send_attributes  freertos.o
    0x080072ec   0x080072ec   0x00000020   Data   RO         2484    Region$$Table       anon$$obj.o


    Execution Region RW_IRAM1 (Exec base: 0x20000000, Load base: 0x08007310, Size: 0x000053c0, Max: 0x0001c000, ABSOLUTE)

    Exec Addr    Load Addr    Size         Type   Attr      Idx    E Section Name        Object

    0x20000000   0x08007310   0x00000004   Data   RW         1217    .data.SystemCoreClock  system_stm32f4xx.o
    0x20000004   0x08007314   0x00000010   Data   RW           66    .data.esp32_send_buf  freertos.o
    0x20000014   0x08007324   0x00000004   Data   RW           70    .data.filter_rate   freertos.o
    0x20000018   0x08007328   0x00000001   Data   RW         1936    .data.reverse_l_x   rmt_stick.o
    0x20000019   0x08007329   0x00000001   Data   RW         1933    .data.reverse_r_y   rmt_stick.o
    0x2000001a   0x0800732a   0x00000004   Data   RW           23    .data.state_code    main.o
    0x2000001e   0x0800732e   0x00000001   Data   RW         1045    .data.uwTickFreq    stm32f4xx_hal.o
    0x2000001f   0x0800732f   0x00000001   PAD
    0x20000020   0x08007330   0x00000004   Data   RW         1044    .data.uwTickPrio    stm32f4xx_hal.o
    0x20000024   0x08007334   0x00000004   Data   RW         1896    .data.uxCriticalNesting  port.o
    0x20000028        -       0x00000060   Zero   RW         2333    .bss                c_w.l(libspace.o)
    0x20000088        -       0x00000008   Zero   RW           68    .bss.ADC_Value      freertos.o
    0x20000090        -       0x00000008   Zero   RW           69    .bss.ADC_Value_Filtered  freertos.o
    0x20000098        -       0x00000014   Zero   RW           63    .bss.JsSends_datas  freertos.o
    0x200000ac        -       0x00000004   Zero   RW         1822    .bss.KernelState    cmsis_os2.o
    0x200000b0        -       0x00000018   Zero   RW           80    .bss.Keys           freertos.o
    0x200000c8        -       0x00000020   Zero   RW         1939    .bss.My_joystick    rmt_stick.o
    0x200000e8        -       0x00000018   Zero   RW         1938    .bss.My_js_origins  rmt_stick.o
    0x20000100        -       0x00000004   Zero   RW           78    .bss.adc_readHandle  freertos.o
    0x20000104        -       0x00000001   Zero   RW           72    .bss.can_send_flag  freertos.o
    0x20000105   0x08007338   0x00000003   PAD
    0x20000108        -       0x00000004   Zero   RW           77    .bss.defaultTaskHandle  freertos.o
    0x2000010c        -       0x0000000c   Zero   RW           32    .bss.esp_rx_Buffer  main.o
    0x20000118        -       0x00000004   Zero   RW           25    .bss.espuart_recv_times  main.o
    0x2000011c        -       0x00000048   Zero   RW           95    .bss.hadc1          adc.o
    0x20000164        -       0x00000060   Zero   RW           96    .bss.hdma_adc1      adc.o
    0x200001c4        -       0x00000060   Zero   RW          125    .bss.hdma_usart1_rx  usart.o
    0x20000224        -       0x00000060   Zero   RW          124    .bss.hdma_usart1_tx  usart.o
    0x20000284        -       0x00000060   Zero   RW          126    .bss.hdma_usart2_rx  usart.o
    0x200002e4        -       0x00000060   Zero   RW          127    .bss.hdma_usart2_tx  usart.o
    0x20000344        -       0x00000048   Zero   RW          186    .bss.htim6          stm32f4xx_hal_timebase_tim.o
    0x2000038c        -       0x00000048   Zero   RW          122    .bss.huart1         usart.o
    0x200003d4        -       0x00000048   Zero   RW          123    .bss.huart2         usart.o
    0x2000041c        -       0x00000020   Zero   RW           30    .bss.my_msg         main.o
    0x2000043c        -       0x000000a0   Zero   RW         1647    .bss.prvCheckForValidListAndQueue.ucStaticTimerQueueStorage  timers.o
    0x200004dc        -       0x00000050   Zero   RW         1646    .bss.prvCheckForValidListAndQueue.xStaticTimerQueue  timers.o
    0x2000052c        -       0x00000004   Zero   RW         1643    .bss.prvSampleTimeNow.xLastTime  timers.o
    0x20000530        -       0x00000004   Zero   RW         1556    .bss.pxCurrentTCB   tasks.o
    0x20000534        -       0x00000004   Zero   RW         1641    .bss.pxCurrentTimerList  timers.o
    0x20000538        -       0x00000004   Zero   RW         1564    .bss.pxDelayedTaskList  tasks.o
    0x2000053c        -       0x00000004   Zero   RW         1852    .bss.pxEnd          heap_4.o
    0x20000540        -       0x00000004   Zero   RW         1565    .bss.pxOverflowDelayedTaskList  tasks.o
    0x20000544        -       0x00000004   Zero   RW         1642    .bss.pxOverflowTimerList  timers.o
    0x20000548        -       0x00000460   Zero   RW         1567    .bss.pxReadyTasksLists  tasks.o
    0x200009a8        -       0x00000001   Zero   RW         1935    .bss.reverse_l_y    rmt_stick.o
    0x200009a9        -       0x00000001   Zero   RW         1934    .bss.reverse_r_x    rmt_stick.o
    0x200009aa        -       0x00000001   Zero   RW         1937    .bss.rmt_Has_origins  rmt_stick.o
    0x200009ab   0x08007338   0x00000001   PAD
    0x200009ac        -       0x00000020   Zero   RW           29    .bss.rx_Buffer      main.o
    0x200009cc        -       0x00000004   Zero   RW           79    .bss.uart_1_sendHandle  freertos.o
    0x200009d0        -       0x00000004   Zero   RW           24    .bss.uart_recv_times  main.o
    0x200009d4        -       0x00000004   Zero   RW           71    .bss.uart_send_times  freertos.o
    0x200009d8        -       0x00003c00   Zero   RW         1859    .bss.ucHeap         heap_4.o
    0x200045d8        -       0x00000001   Zero   RW         1894    .bss.ucMaxSysCallPriority  port.o
    0x200045d9   0x08007338   0x00000003   PAD
    0x200045dc        -       0x00000004   Zero   RW         1895    .bss.ulMaxPRIGROUPValue  port.o
    0x200045e0        -       0x00000004   Zero   RW         1046    .bss.uwTick         stm32f4xx_hal.o
    0x200045e4        -       0x00000004   Zero   RW         1560    .bss.uxCurrentNumberOfTasks  tasks.o
    0x200045e8        -       0x00000004   Zero   RW         1559    .bss.uxDeletedTasksWaitingCleanUp  tasks.o
    0x200045ec        -       0x00000004   Zero   RW         1562    .bss.uxSchedulerSuspended  tasks.o
    0x200045f0        -       0x00000004   Zero   RW         1557    .bss.uxTaskNumber   tasks.o
    0x200045f4        -       0x00000004   Zero   RW         1568    .bss.uxTopReadyPriority  tasks.o
    0x200045f8        -       0x00000200   Zero   RW         1825    .bss.vApplicationGetIdleTaskMemory.Idle_Stack  cmsis_os2.o
    0x200047f8        -       0x0000005c   Zero   RW         1824    .bss.vApplicationGetIdleTaskMemory.Idle_TCB  cmsis_os2.o
    0x20004854        -       0x00000400   Zero   RW         1827    .bss.vApplicationGetTimerTaskMemory.Timer_Stack  cmsis_os2.o
    0x20004c54        -       0x0000005c   Zero   RW         1826    .bss.vApplicationGetTimerTaskMemory.Timer_TCB  cmsis_os2.o
    0x20004cb0        -       0x00000014   Zero   RW         1644    .bss.xActiveTimerList1  timers.o
    0x20004cc4        -       0x00000014   Zero   RW         1645    .bss.xActiveTimerList2  timers.o
    0x20004cd8        -       0x00000001   Zero   RW         1853    .bss.xBlockAllocatedBit  heap_4.o
    0x20004cd9   0x08007338   0x00000003   PAD
    0x20004cdc        -       0x00000014   Zero   RW         1575    .bss.xDelayedTaskList1  tasks.o
    0x20004cf0        -       0x00000014   Zero   RW         1576    .bss.xDelayedTaskList2  tasks.o
    0x20004d04        -       0x00000004   Zero   RW         1854    .bss.xFreeBytesRemaining  heap_4.o
    0x20004d08        -       0x00000004   Zero   RW         1570    .bss.xIdleTaskHandle  tasks.o
    0x20004d0c        -       0x00000004   Zero   RW         1856    .bss.xMinimumEverFreeBytesRemaining  heap_4.o
    0x20004d10        -       0x00000004   Zero   RW         1571    .bss.xNextTaskUnblockTime  tasks.o
    0x20004d14        -       0x00000004   Zero   RW         1574    .bss.xNumOfOverflows  tasks.o
    0x20004d18        -       0x00000004   Zero   RW         1857    .bss.xNumberOfSuccessfulAllocations  heap_4.o
    0x20004d1c        -       0x00000004   Zero   RW         1858    .bss.xNumberOfSuccessfulFrees  heap_4.o
    0x20004d20        -       0x00000004   Zero   RW         1573    .bss.xPendedTicks   tasks.o
    0x20004d24        -       0x00000014   Zero   RW         1569    .bss.xPendingReadyList  tasks.o
    0x20004d38        -       0x00000040   Zero   RW         1365    .bss.xQueueRegistry  queue.o
    0x20004d78        -       0x00000004   Zero   RW         1561    .bss.xSchedulerRunning  tasks.o
    0x20004d7c        -       0x00000008   Zero   RW         1855    .bss.xStart         heap_4.o
    0x20004d84        -       0x00000014   Zero   RW         1566    .bss.xSuspendedTaskList  tasks.o
    0x20004d98        -       0x00000014   Zero   RW         1558    .bss.xTasksWaitingTermination  tasks.o
    0x20004dac        -       0x00000004   Zero   RW         1563    .bss.xTickCount     tasks.o
    0x20004db0        -       0x00000004   Zero   RW         1639    .bss.xTimerQueue    timers.o
    0x20004db4        -       0x00000004   Zero   RW         1640    .bss.xTimerTaskHandle  timers.o
    0x20004db8        -       0x00000004   Zero   RW         1572    .bss.xYieldPending  tasks.o
    0x20004dbc   0x08007338   0x00000004   PAD
    0x20004dc0        -       0x00000200   Zero   RW            2    HEAP                startup_stm32f407xx.o
    0x20004fc0        -       0x00000400   Zero   RW            1    STACK               startup_stm32f407xx.o


    Execution Region RW_IRAM2 (Exec base: 0x2001c000, Load base: 0x08007338, Size: 0x00000000, Max: 0x00004000, ABSOLUTE)

    **** No section assigned to this execution region ****


==============================================================================

Image component sizes


      Code (inc. data)   RO Data    RW Data    ZI Data      Debug   Object Name

       378          0          0          0        168       5085   adc.o
       406          0          0          0       1724      44266   cmsis_os2.o
       156          0          0          0          0      10724   dl_ln.o
       138          0          0          0          0       3335   dma.o
      1102          0        153         20         77       5297   freertos.o
       156          0          0          0          0       2037   gpio.o
       666          0          0          0      15389       4723   heap_4.o
       154          0          0          0          0       2192   list.o
       640          0          0          4         84       9111   main.o
       876         16          0          4          5       4005   port.o
      1750          0          0          0         64      22185   queue.o
      1288         46          0          2         59       6429   rmt_stick.o
        64         26        392          0       1536        836   startup_stm32f407xx.o
        92          0          0          5          4       7286   stm32f4xx_hal.o
      1108          0          0          0          0      10793   stm32f4xx_hal_adc.o
       204          0          0          0          0      10612   stm32f4xx_hal_cortex.o
      1052         12          0          0          0       8928   stm32f4xx_hal_dma.o
       420          0          0          0          0       5096   stm32f4xx_hal_gpio.o
        70          0          0          0          0       3354   stm32f4xx_hal_msp.o
      1436          0          0          0          0       7301   stm32f4xx_hal_rcc.o
       884          0          0          0          0      42663   stm32f4xx_hal_tim.o
         4          0          0          0          0      18406   stm32f4xx_hal_tim_ex.o
       174          0          0          0         72       7232   stm32f4xx_hal_timebase_tim.o
      2028          0          0          0          0      24205   stm32f4xx_hal_uart.o
       140          0          0          0          0       1577   stm32f4xx_it.o
        18          0         24          4          0       2628   system_stm32f4xx.o
      2660          8          0          0       1280      29813   tasks.o
      1186         26          0          0        300      14472   timers.o
       596          0          0          0        528       7312   usart.o

    ----------------------------------------------------------------------
     20068        146        604         40      21304     321903   Object Totals
         0          0         32          0          0          0   (incl. Generated)
       222         12          3          1         14          0   (incl. Padding)

    ----------------------------------------------------------------------

      Code (inc. data)   RO Data    RW Data    ZI Data      Debug   Library Member Name

         8          0          0          0          0         68   __main.o
         0          0          0          0          0          0   __rtentry.o
        12          0          0          0          0          0   __rtentry2.o
         6          0          0          0          0          0   __rtentry4.o
        52          8          0          0          0          0   __scatter.o
        26          0          0          0          0          0   __scatter_copy.o
        28          0          0          0          0          0   __scatter_zi.o
         6          0          0          0          0          0   _printf_d.o
       120         16          0          0          0         92   _printf_dec.o
        88          4         40          0          0         88   _printf_hex_int.o
       178          0          0          0          0         88   _printf_intcommon.o
        78          0          0          0          0        108   _printf_pad.o
         0          0          0          0          0          0   _printf_percent.o
         4          0          0          0          0          0   _printf_percent_end.o
         6          0          0          0          0          0   _printf_u.o
         6          0          0          0          0          0   _printf_x.o
        22          0          0          0          0        100   _rserrno.o
        16          0          0          0          0         68   aeabi_memset4.o
        18          0          0          0          0         80   exit.o
         6          0          0          0          0        152   heapauxi.o
         0          0          0          0          0          0   indicate_semi.o
         2          0          0          0          0          0   libinit.o
         6          0          0          0          0          0   libinit2.o
         2          0          0          0          0          0   libshutdown.o
         2          0          0          0          0          0   libshutdown2.o
         8          4          0          0         96         68   libspace.o
       240          0          0          0          0        100   lludivv7m.o
         8          4          0          0          0         68   rt_errno_addr_intlibspace.o
        78          0          0          0          0         80   rt_memclr_w.o
       138          0          0          0          0         68   rt_memcpy_v6.o
       100          0          0          0          0         80   rt_memcpy_w.o
         2          0          0          0          0          0   rtexit.o
        10          0          0          0          0          0   rtexit2.o
        12          4          0          0          0         68   sys_exit.o
        74          0          0          0          0         80   sys_stackheap_outer.o
         2          0          0          0          0         68   use_no_semi.o
        24          0          0          0          0        164   basic.o
        98          4          0          0          0        140   d2f.o
       826         16          0          0          0        500   daddsub_clz.o
        16          4          0          0          0        116   dcheck1.o
        24          0          0          0          0        116   dcmpi.o
       688        140          0          0          0        264   ddiv.o
        94          4          0          0          0        140   dfix.o
        46          0          0          0          0        116   dflt_clz.o
       120          4          0          0          0        140   dleqf.o
       340         12          0          0          0        152   dmul.o
       156          4          0          0          0        140   dnaninf.o
        12          0          0          0          0        116   dretinf.o
       108          0          0          0          0        128   drleqf.o
       408         56          0          0          0        168   dsqrt_umaal.o
        86          4          0          0          0        132   f2d.o
       140          4          0          0          0        132   fnaninf.o
        26          0          0          0          0        116   fpinit.o
        10          0          0          0          0        116   fretinf.o
       100          0          0          0          0        116   retnan.o
        92          0          0          0          0        116   scalbn.o
        48          0          0          0          0        116   trapv.o
         0          0          0          0          0          0   usenofp.o
       164         44          0          0          0        620   dunder.o
        24          0          0          0          0        124   fabs.o
        48          0          0          0          0        124   fpclassify.o
       248          0          0          0          0        152   poly.o
      3152        296        136          0          0        352   pow.o
         0          0          8          0          0          0   qnan.o
       110          0          0          0          0        148   sqrt.o

    ----------------------------------------------------------------------
      8590        632        190          0         96       6288   Library Totals
        18          0          6          0          0          0   (incl. Padding)

    ----------------------------------------------------------------------

      Code (inc. data)   RO Data    RW Data    ZI Data      Debug   Library Name

      1364         40         40          0         96       1524   c_w.l
      3462        252          0          0          0       3244   fz_wm.l
      3746        340        144          0          0       1520   m_wm.l

    ----------------------------------------------------------------------
      8590        632        190          0         96       6288   Library Totals

    ----------------------------------------------------------------------

==============================================================================


      Code (inc. data)   RO Data    RW Data    ZI Data      Debug   

     28658        778        794         40      21400     323931   Grand Totals
     28658        778        794         40      21400     323931   ELF Image Totals
     28658        778        794         40          0          0   ROM Totals

==============================================================================

    Total RO  Size (Code + RO Data)                29452 (  28.76kB)
    Total RW  Size (RW Data + ZI Data)             21440 (  20.94kB)
    Total ROM Size (Code + RO Data + RW Data)      29492 (  28.80kB)

==============================================================================

